✔ blank input does not invoke backend (1.851125ms)
✔ explicit context and literal output, not HTML (8.259904ms)
✔ discard prevents late results and concurrent requests (1.048134ms)
✔ backend failure is actionable and resets button (0.864572ms)
✔ browser-only preview does not fake generation (0.752172ms)
✔ readiness displays exact configured model and enables generation (0.751882ms)
✔ browser readiness fails closed (0.795862ms)
✔ cancel while pending propagates to the backend (0.790562ms)
✔ cancel without pending work does not call the backend (0.764992ms)
✔ browser readiness disables generation (0.927583ms)
✔ generation cannot start before readiness resolves (0.770753ms)
✔ stale readiness cannot overwrite a newer failure (0.839682ms)
✔ readiness retry never enables generation while pending (0.803833ms)
✔ generation completion preserves a failed readiness gate (0.834712ms)
✔ cancellation rejection is visible and never claims generation stopped (1.002633ms)
✔ failed cancellation acknowledgement cannot race a new generation (0.918623ms)
✔ malformed readiness never unlocks generation (0.803652ms)
ℹ tests 17
ℹ suites 0
ℹ pass 17
ℹ fail 0
ℹ cancelled 0
ℹ skipped 0
ℹ todo 0
ℹ duration_ms 113.512464
