{
  "requests": 2000,
  "threads": 100,
  "paths": [
    "/healthz",
    "/livez",
    "/readyz",
    "/metrics",
    "/api/health"
  ],
  "http_successes": 2000,
  "http_errors": 0,
  "request_success_ratio": 1.0,
  "slo_pass": false,
  "scope": "short local HTTP workload, NOT uptime or 100x certification",
  "p50_ms": 124.99,
  "p95_ms": 206.4,
  "p99_ms": 212.5,
  "throughput_rps": 731.8,
  "status_codes": {
    "200": 2000
  },
  "transport_errors": 0,
  "rss_start_mib": 79.1,
  "rss_end_mib": 102.5,
  "sigterm_seconds": 0.214
}
