....F                                                                    [100%]
=================================== FAILURES ===================================
_______ test_retry_rechecks_admission_after_other_request_opens_circuit ________

    def test_retry_rechecks_admission_after_other_request_opens_circuit():
        sleeping, resume = threading.Event(), threading.Event()
        calls = []
    
        def transport(model, payload, timeout):
            calls.append(payload["messages"][0]["content"])
            raise TimeoutError()
    
        def wait_for_other_request(delay):
            sleeping.set()
            assert resume.wait(3)
    
        router = MeliousModelRouter(models=("a",), transport=transport,
                                    max_retries=1, sleep=wait_for_other_request)
        router.breakers["a"].failure_threshold = 2
        with ThreadPoolExecutor(1) as pool:
            first = pool.submit(router.complete, [{"role": "user", "content": "first"}])
            try:
                assert sleeping.wait(3)
                with pytest.raises(RouterError):
                    router.complete(MSG)
            finally:
                resume.set()
            with pytest.raises(RouterError):
                first.result(timeout=3)
>       assert calls == ["first", "x"], "retry bypassed the newly OPEN circuit"
E       AssertionError: retry bypassed the newly OPEN circuit
E       assert ['first', 'x', 'first'] == ['first', 'x']
E         
E         Left contains one more item: 'first'
E         Use -v to get more diff

kernel/tests/test_router_concurrency_fencing.py:132: AssertionError
=========================== short test summary info ============================
FAILED kernel/tests/test_router_concurrency_fencing.py::test_retry_rechecks_admission_after_other_request_opens_circuit
1 failed, 4 passed in 0.19s
