✔ blank input does not invoke backend (2.065902ms)
✔ explicit context and literal output, not HTML (7.474182ms)
✔ discard prevents late results and concurrent requests (1.947ms)
✔ backend failure is actionable and resets button (0.945485ms)
✔ browser-only preview does not fake generation (0.856724ms)
✔ readiness displays exact configured model and enables generation (0.802344ms)
✔ browser readiness fails closed (1.187336ms)
✔ cancel while pending propagates to the backend (0.941636ms)
✔ cancel without pending work does not call the backend (0.685084ms)
✔ browser readiness disables generation (0.982296ms)
✔ generation cannot start before readiness resolves (0.938335ms)
✔ stale readiness cannot overwrite a newer failure (0.820095ms)
✔ readiness retry never enables generation while pending (0.802675ms)
✔ generation completion preserves a failed readiness gate (0.898655ms)
✔ cancellation rejection is visible and never claims generation stopped (1.029946ms)
✔ failed cancellation acknowledgement cannot race a new generation (0.905935ms)
✔ malformed readiness never unlocks generation (0.896205ms)
ℹ tests 17
ℹ suites 0
ℹ pass 17
ℹ fail 0
ℹ cancelled 0
ℹ skipped 0
ℹ todo 0
ℹ duration_ms 116.949223
