   Compiling axiom-grid v0.1.0 (/home/daytona/axiom-grid/axiom-runtime)
    Finished `test` profile [unoptimized + debuginfo] target(s) in 2.78s
     Running unittests src/lib.rs (axiom-runtime/target/debug/deps/axiom_grid-a98bb474ec67d26d)

running 0 tests

test result: ok. 0 passed; 0 failed; 0 ignored; 0 measured; 0 filtered out; finished in 0.00s

     Running unittests src/main.rs (axiom-runtime/target/debug/deps/axiom_grid-7df19633bb2632fb)

running 0 tests

test result: ok. 0 passed; 0 failed; 0 ignored; 0 measured; 0 filtered out; finished in 0.00s

     Running tests/api.rs (axiom-runtime/target/debug/deps/api-1c33f932a7f67d95)

running 8 tests
test authenticated_preview_roundtrip ... ok
test concurrent_generation_is_rejected ... ok
test health_is_not_model_readiness ... ok
test bounded_explicit_input_and_removed_routes ... ok
test invalid_token_config_fails_closed ... ok
test redirects_and_http_errors_are_not_success ... ok
test rejects_untrusted_clients ... ok
test invalid_model_output_fails_without_leaking_content ... ok

test result: ok. 8 passed; 0 failed; 0 ignored; 0 measured; 0 filtered out; finished in 0.02s

     Running tests/readiness.rs (axiom-runtime/target/debug/deps/readiness-62d2b43481e43916)

running 6 tests
test daemon_down_is_not_ready ... ok
test invalid_configured_models_are_rejected ... ok
test inventory_is_authenticated_and_browser_denied ... ok
test absent_inventory_is_actionable ... ok
test inventory_requires_exact_tag_and_never_claims_inference ... ok
test malformed_oversized_and_failed_inventory_are_sanitized ... ok

test result: ok. 6 passed; 0 failed; 0 ignored; 0 measured; 0 filtered out; finished in 0.01s

     Running tests/regressions.rs (axiom-runtime/target/debug/deps/regressions-9a3ed1d9407fe0e2)

running 9 tests
test cancellation_is_terminal_and_drops_late_tokens ... ok
test acceptance_is_async_and_review_gated ... ok
test download_policy_is_explicit_and_offline_wins ... ok
test empty_and_low_confidence_are_not_accepted ... ok
test crdt_unicode_replacement_uses_document_offsets ... ok
test every_external_offset_is_safe ... ok
test model_identity_is_not_a_prefix ... ok
test unicode_boundaries_and_undo ... ok
test whitespace_and_alternative_reset ... ok

test result: ok. 9 passed; 0 failed; 0 ignored; 0 measured; 0 filtered out; finished in 0.00s

   Doc-tests axiom_grid

running 0 tests

test result: ok. 0 passed; 0 failed; 0 ignored; 0 measured; 0 filtered out; finished in 0.00s

    Checking axiom-grid v0.1.0 (/home/daytona/axiom-grid/axiom-runtime)
    Finished `dev` profile [unoptimized + debuginfo] target(s) in 0.53s
    Finished `dev` profile [unoptimized + debuginfo] target(s) in 0.09s
