    Checking smallvec v1.16.0
    Checking libc v0.2.189
    Checking pin-project-lite v0.2.17
    Checking zerofrom v0.1.8
    Checking stable_deref_trait v1.2.1
    Checking yoke v0.8.3
    Checking itoa v1.0.18
    Checking zerovec v0.11.8
    Checking cfg-if v1.0.4
    Checking bytes v1.12.1
    Checking futures-core v0.3.34
    Checking scopeguard v1.2.0
    Checking lock_api v0.4.14
    Checking parking_lot_core v0.9.12
    Checking once_cell v1.21.4
    Checking tinystr v0.8.4
    Checking errno v0.3.14
    Checking writeable v0.6.4
    Checking litemap v0.8.3
    Checking signal-hook-registry v1.4.8
    Checking icu_locale_core v2.3.0
    Checking parking_lot v0.12.5
    Checking http v1.5.0
    Checking potential_utf v0.1.6
    Checking zerotrie v0.2.5
    Checking mio v1.2.3
    Checking socket2 v0.6.5
    Checking utf8_iter v1.0.4
    Checking tokio v1.53.1
    Checking icu_collections v2.3.0
    Checking icu_provider v2.3.1
    Checking http-body v1.1.0
    Checking serde_core v1.0.229
    Checking tracing-core v0.1.36
    Checking percent-encoding v2.3.2
    Checking log v0.4.34
    Checking slab v0.4.12
    Checking futures-task v0.3.34
    Checking futures-util v0.3.34
    Checking tracing v0.1.44
    Checking icu_normalizer_data v2.3.0
    Checking icu_properties_data v2.3.0
    Checking tower-service v0.3.3
    Checking icu_properties v2.3.0
    Checking icu_normalizer v2.3.0
    Checking form_urlencoded v1.2.2
    Checking sync_wrapper v1.0.2
    Checking try-lock v0.2.5
    Checking tower-layer v0.3.3
    Checking want v0.3.1
    Checking idna_adapter v1.2.2
    Checking serde v1.0.229
    Checking zmij v1.0.23
    Checking httparse v1.10.1
    Checking futures-channel v0.3.34
    Checking httpdate v1.0.3
    Checking parking v2.2.1
    Checking memchr v2.8.3
    Checking atomic-waker v1.1.2
    Checking hyper v1.11.1
    Checking serde_json v1.0.151
    Checking event-listener v5.4.2
    Checking idna v1.1.0
    Checking tower v0.5.3
    Checking http-body-util v0.1.5
    Checking ipnet v2.12.2
    Checking base64 v0.22.1
    Checking ryu v1.0.23
    Checking serde_urlencoded v0.7.1
    Checking hyper-util v0.1.20
    Checking url v2.5.8
    Checking event-listener-strategy v0.5.4
    Checking crossbeam-utils v0.8.23
    Checking futures-sink v0.3.34
    Checking mime v0.3.17
    Checking hashbrown v0.14.5
    Checking bitflags v2.13.1
    Checking tower-http v0.6.11
    Checking axum-core v0.4.5
    Checking dashmap v6.2.1
    Checking tokio-util v0.7.19
    Checking thiserror v1.0.69
    Checking async-lock v3.4.2
    Checking arc-swap v1.9.2
    Checking serde_path_to_error v0.1.20
    Checking smallstr v0.3.1
    Checking fastrand v2.5.0
    Checking matchit v0.7.3
    Checking yrs v0.21.3
    Checking axum v0.7.9
    Checking anyhow v1.0.104
    Checking reqwest v0.12.28
    Checking axiom-grid v0.1.0 (/home/daytona/axiom-work/axiom-runtime)
    Finished `dev` profile [unoptimized + debuginfo] target(s) in 9.79s
