.......................                                                  [100%]  + Exception Group Traceback (most recent call last):
  |   File "<frozen runpy>", line 203, in _run_module_as_main
  |   File "<frozen runpy>", line 88, in _run_code
  |   File "/home/daytona/.local/lib/python3.14/site-packages/pytest/__main__.py", line 9, in <module>
  |     raise SystemExit(_console_main())
  |                      ~~~~~~~~~~~~~^^
  |   File "/home/daytona/.local/lib/python3.14/site-packages/_pytest/config/__init__.py", line 253, in _console_main
  |     code = _main(prog=_get_prog_name(sys.argv))
  |   File "/home/daytona/.local/lib/python3.14/site-packages/_pytest/config/__init__.py", line 229, in _main
  |     ret: ExitCode | int = config.hook.pytest_cmdline_main(config=config)
  |                           ~~~~~~~~~~~~~~~~~~~~~~~~~~~~~~~^^^^^^^^^^^^^^^
  |   File "/usr/local/lib/python3.14/site-packages/pluggy/_hooks.py", line 512, in __call__
  |     return self._hookexec(self.name, self._hookimpls.copy(), kwargs, firstresult)
  |            ~~~~~~~~~~~~~~^^^^^^^^^^^^^^^^^^^^^^^^^^^^^^^^^^^^^^^^^^^^^^^^^^^^^^^^
  |   File "/usr/local/lib/python3.14/site-packages/pluggy/_manager.py", line 120, in _hookexec
  |     return self._inner_hookexec(hook_name, methods, kwargs, firstresult)
  |            ~~~~~~~~~~~~~~~~~~~~^^^^^^^^^^^^^^^^^^^^^^^^^^^^^^^^^^^^^^^^^
  |   File "/usr/local/lib/python3.14/site-packages/pluggy/_callers.py", line 167, in _multicall
  |     raise exception
  |   File "/usr/local/lib/python3.14/site-packages/pluggy/_callers.py", line 121, in _multicall
  |     res = hook_impl.function(*args)
  |   File "/home/daytona/.local/lib/python3.14/site-packages/_pytest/main.py", line 377, in pytest_cmdline_main
  |     return wrap_session(config, _main)
  |   File "/home/daytona/.local/lib/python3.14/site-packages/_pytest/main.py", line 372, in wrap_session
  |     config._ensure_unconfigure()
  |     ~~~~~~~~~~~~~~~~~~~~~~~~~~^^
  |   File "/home/daytona/.local/lib/python3.14/site-packages/_pytest/config/__init__.py", line 1212, in _ensure_unconfigure
  |     self.hook.pytest_unconfigure(config=self)
  |     ~~~~~~~~~~~~~~~~~~~~~~~~~~~~^^^^^^^^^^^^^
  |   File "/usr/local/lib/python3.14/site-packages/pluggy/_hooks.py", line 512, in __call__
  |     return self._hookexec(self.name, self._hookimpls.copy(), kwargs, firstresult)
  |            ~~~~~~~~~~~~~~^^^^^^^^^^^^^^^^^^^^^^^^^^^^^^^^^^^^^^^^^^^^^^^^^^^^^^^^
  |   File "/usr/local/lib/python3.14/site-packages/pluggy/_manager.py", line 120, in _hookexec
  |     return self._inner_hookexec(hook_name, methods, kwargs, firstresult)
  |            ~~~~~~~~~~~~~~~~~~~~^^^^^^^^^^^^^^^^^^^^^^^^^^^^^^^^^^^^^^^^^
  |   File "/usr/local/lib/python3.14/site-packages/pluggy/_callers.py", line 167, in _multicall
  |     raise exception
  |   File "/usr/local/lib/python3.14/site-packages/pluggy/_callers.py", line 121, in _multicall
  |     res = hook_impl.function(*args)
  |   File "/home/daytona/.local/lib/python3.14/site-packages/_pytest/unraisableexception.py", line 173, in pytest_unconfigure
  |     collect_unraisable(config)
  |     ~~~~~~~~~~~~~~~~~~^^^^^^^^
  |   File "/home/daytona/.local/lib/python3.14/site-packages/_pytest/unraisableexception.py", line 81, in collect_unraisable
  |     raise ExceptionGroup("multiple unraisable exception warnings", errors)
  | ExceptionGroup: multiple unraisable exception warnings (3 sub-exceptions)
  +-+---------------- 1 ----------------
    | Traceback (most recent call last):
    |   File "/home/daytona/.local/lib/python3.14/site-packages/_pytest/assertion/rewrite.py", line 393, in _read_pyc
    |     co = marshal.load(fp)
    | ResourceWarning: unclosed database in <sqlite3.Connection object at 0x7161858e0c70>
    | 
    | The above exception was the direct cause of the following exception:
    | 
    | Traceback (most recent call last):
    |   File "/home/daytona/.local/lib/python3.14/site-packages/_pytest/unraisableexception.py", line 67, in collect_unraisable
    |     warnings.warn(pytest.PytestUnraisableExceptionWarning(msg))
    |     ~~~~~~~~~~~~~^^^^^^^^^^^^^^^^^^^^^^^^^^^^^^^^^^^^^^^^^^^^^^
    | pytest.PytestUnraisableExceptionWarning: Exception ignored while finalizing database connection <sqlite3.Connection object at 0x7161858e0c70>: None
    | 
    +---------------- 2 ----------------
    | Traceback (most recent call last):
    |   File "/usr/local/lib/python3.14/zipfile/__init__.py", line 2078, in __del__
    |     self.close()
    |     ~~~~~~~~~~^^
    |   File "/usr/local/lib/python3.14/zipfile/__init__.py", line 2095, in close
    |     self.fp.seek(self.start_dir)
    |     ~~~~~~~~~~~~^^^^^^^^^^^^^^^^
    | ValueError: I/O operation on closed file.
    | 
    | The above exception was the direct cause of the following exception:
    | 
    | Traceback (most recent call last):
    |   File "/home/daytona/.local/lib/python3.14/site-packages/_pytest/unraisableexception.py", line 67, in collect_unraisable
    |     warnings.warn(pytest.PytestUnraisableExceptionWarning(msg))
    |     ~~~~~~~~~~~~~^^^^^^^^^^^^^^^^^^^^^^^^^^^^^^^^^^^^^^^^^^^^^^
    | pytest.PytestUnraisableExceptionWarning: Exception ignored while calling deallocator <function ZipFile.__del__ at 0x716194757e20>: None
    | 
    +---------------- 3 ----------------
    | Traceback (most recent call last):
    |   File "/home/daytona/.local/lib/python3.14/site-packages/_pytest/assertion/rewrite.py", line 393, in _read_pyc
    |     co = marshal.load(fp)
    | ResourceWarning: unclosed database in <sqlite3.Connection object at 0x716185b4b4c0>
    | 
    | The above exception was the direct cause of the following exception:
    | 
    | Traceback (most recent call last):
    |   File "/home/daytona/.local/lib/python3.14/site-packages/_pytest/unraisableexception.py", line 67, in collect_unraisable
    |     warnings.warn(pytest.PytestUnraisableExceptionWarning(msg))
    |     ~~~~~~~~~~~~~^^^^^^^^^^^^^^^^^^^^^^^^^^^^^^^^^^^^^^^^^^^^^^
    | pytest.PytestUnraisableExceptionWarning: Exception ignored while finalizing database connection <sqlite3.Connection object at 0x716185b4b4c0>: None
    | 
    +------------------------------------

23 passed in 1.80s
