    Blocking waiting for file lock on build directory
   Compiling smallvec v1.15.2
   Compiling glib-sys v0.18.1
   Compiling futures-util v0.3.32
   Compiling futures-channel v0.3.32
   Compiling zerovec v0.11.6
   Compiling errno v0.3.14
   Compiling gobject-sys v0.18.0
   Compiling cairo-sys-rs v0.18.2
   Compiling signal-hook-registry v1.4.8
   Compiling gio-sys v0.18.1
   Compiling pango-sys v0.18.0
   Compiling tinystr v0.8.3
   Compiling icu_locale_core v2.2.0
   Compiling potential_utf v0.1.5
   Compiling atk-sys v0.18.2
   Compiling gdk-pixbuf-sys v0.18.0
   Compiling gdk-sys v0.18.2
   Compiling zerotrie v0.2.4
   Compiling parking_lot_core v0.9.12
   Compiling futures-executor v0.3.32
   Compiling percent-encoding v2.3.2
   Compiling glib v0.18.5
   Compiling parking_lot v0.12.5
   Compiling icu_provider v2.2.0
   Compiling icu_collections v2.2.0
   Compiling gtk-sys v0.18.2
   Compiling memoffset v0.9.1
   Compiling socket2 v0.6.4
   Compiling icu_normalizer v2.2.0
   Compiling icu_properties v2.2.0
   Compiling mio v1.2.1
   Compiling tokio v1.52.3
   Compiling idna_adapter v1.2.2
   Compiling field-offset v0.3.6
   Compiling form_urlencoded v1.2.2
   Compiling idna v1.1.0
   Compiling url v2.5.8
   Compiling serde_json v1.0.150
   Compiling time v0.3.51
   Compiling soup3-sys v0.5.0
   Compiling javascriptcore-rs-sys v1.1.1
   Compiling crossbeam-utils v0.8.21
   Compiling dpi v0.1.2
   Compiling crossbeam-channel v0.5.15
   Compiling x11 v2.21.0
   Compiling tracing-core v0.1.36
   Compiling gio v0.18.4
   Compiling cairo-rs v0.18.5
   Compiling atk v0.18.2
   Compiling uuid v1.23.4
   Compiling cfb v0.7.3
   Compiling gdkx11-sys v0.18.2
   Compiling javascriptcore-rs v1.1.2
   Compiling webkit2gtk-sys v2.0.2
   Compiling jsonptr v0.6.3
   Compiling erased-serde v0.4.10
   Compiling phf_shared v0.13.1
   Compiling serde_spanned v1.1.1
   Compiling toml_datetime v1.1.1+spec-1.1.0
   Compiling unicode-segmentation v1.13.3
   Compiling raw-window-handle v0.6.2
   Compiling toml v1.1.2+spec-1.1.0
   Compiling phf v0.13.1
   Compiling keyboard-types v0.7.0
   Compiling serde-untagged v0.1.9
   Compiling json-patch v3.0.1
   Compiling infer v0.19.0
   Compiling cookie v0.18.1
   Compiling x11-dl v2.21.0
   Compiling libdbus-sys v0.2.7
   Compiling plist v1.9.0
   Compiling urlpattern v0.3.0
   Compiling serde_with v3.21.0
   Compiling http-body v1.0.1
   Compiling libloading v0.7.4
   Compiling semver v1.0.28
   Compiling foreign-types-shared v0.1.1
   Compiling foreign-types v0.3.2
   Compiling tokio-util v0.7.18
   Compiling tauri-utils v2.9.3
   Compiling tracing v0.1.44
   Compiling dlopen2 v0.8.2
   Compiling libappindicator-sys v0.9.0
   Compiling dbus v0.9.11
   Compiling openssl-sys v0.9.117
   Compiling gdkwayland-sys v0.18.2
   Compiling try-lock v0.2.5
   Compiling atomic-waker v1.1.2
   Compiling linux-raw-sys v0.12.1
   Compiling tower-service v0.3.3
   Compiling rustix v1.1.4
   Compiling h2 v0.4.15
   Compiling pango v0.18.3
   Compiling gdk-pixbuf v0.18.5
   Compiling soup3 v0.5.0
   Compiling gdk v0.18.2
   Compiling want v0.3.1
   Compiling openssl v0.10.81
   Compiling httparse v1.10.1
   Compiling png v0.18.1
   Compiling mime v0.3.17
   Compiling openssl-probe v0.2.1
   Compiling serialize-to-javascript v0.1.2
   Compiling hyper v1.10.1
   Compiling gethostname v1.1.0
   Compiling getrandom v0.3.4
   Compiling signal-hook v0.3.18
   Compiling sync_wrapper v1.0.2
   Compiling is-docker v0.2.0
   Compiling os_pipe v1.2.3
   Compiling x11rb-protocol v0.13.2
   Compiling gtk v0.18.2
   Compiling gdkx11 v0.18.2
   Compiling native-tls v0.2.18
   Compiling tower-layer v0.3.3
   Compiling ipnet v2.12.0
   Compiling hyper-util v0.1.20
   Compiling tower v0.5.3
   Compiling tokio-native-tls v0.3.1
   Compiling sigchld v0.2.4
   Compiling is-wsl v0.4.0
   Compiling http-body-util v0.1.3
   Compiling encoding_rs v0.8.35
   Compiling zeroize v1.9.0
   Compiling ryu v1.0.23
   Compiling pathdiff v0.2.3
   Compiling xkeysym v0.2.1
   Compiling lazy_static v1.5.0
   Compiling sharded-slab v0.1.7
   Compiling open v5.3.5
   Compiling serde_urlencoded v0.7.1
   Compiling rustls-pki-types v1.14.1
   Compiling hyper-tls v0.6.0
   Compiling x11rb v0.13.2
   Compiling shared_child v1.1.1
   Compiling tower-http v0.6.11
   Compiling tracing-log v0.2.0
   Compiling phantom-overlay v0.3.0 (/home/daytona/Axiom-Grid/phantom-overlay/src-tauri)
   Compiling global-hotkey v0.8.0
   Compiling thread_local v1.1.9
   Compiling nu-ansi-term v0.50.3
   Compiling reqwest v0.12.28
   Compiling tracing-subscriber v0.3.23
   Compiling webkit2gtk v2.0.2
   Compiling libappindicator v0.9.0
   Compiling tao v0.35.3
   Compiling muda v0.19.3
   Compiling tray-icon v0.24.1
   Compiling tauri-runtime v2.11.3
   Compiling wry v0.55.1
   Compiling tauri-runtime-wry v2.11.3
   Compiling tauri v2.11.3
   Compiling tauri-plugin-shell v2.3.5
   Compiling tauri-plugin-global-shortcut v2.3.2
    Finished `dev` profile [unoptimized] target(s) in 2m 16s
