..F                                                                      [100%]
=================================== FAILURES ===================================
____________________ test_pdf_ingest_closes_on_schema_error ____________________

tmp_path = PosixPath('/tmp/pytest-of-daytona/pytest-11/test_pdf_ingest_closes_on_sche0')
monkeypatch = <_pytest.monkeypatch.MonkeyPatch object at 0x739806b445f0>

    def test_pdf_ingest_closes_on_schema_error(tmp_path, monkeypatch):
        from sidecar.masters.other_masters import WeKnoraPipeline
        pipeline = WeKnoraPipeline.__new__(WeKnoraPipeline)
        pipeline.db_path = str(tmp_path / "broken.db")
        pdf = tmp_path / "present.pdf"
        pdf.write_bytes(b"%PDF-1.4")
        opened = []
        original = sqlite3.connect
        def connect(*args, **kwargs):
            conn = original(*args, **kwargs)
            opened.append(conn)
            return conn
        monkeypatch.setattr(sqlite3, "connect", connect)
        try:
            with pytest.raises(sqlite3.OperationalError, match="no such table"):
                pipeline.ingest(str(pdf))
>           with pytest.raises(sqlite3.ProgrammingError, match="closed"):
                 ^^^^^^^^^^^^^^^^^^^^^^^^^^^^^^^^^^^^^^^^^^^^^^^^^^^^^^^
E           Failed: DID NOT RAISE ProgrammingError

kairo-sidecar/tests/test_mem_connection_lifecycle.py:75: Failed
=========================== short test summary info ============================
FAILED kairo-sidecar/tests/test_mem_connection_lifecycle.py::test_pdf_ingest_closes_on_schema_error
1 failed, 2 passed in 0.33s
