[Truncated evidence excerpt: final 80000 characters; full log retained in local evidence directory.]
test_detect_drift_no_baseline
tests/test_eval_monitoring.py::test_detect_drift_with_drop
tests/test_eval_monitoring.py::test_get_eval_report_empty
tests/test_eval_monitoring.py::test_get_eval_report_with_data
tests/test_eval_monitoring.py::test_reset_eval_state
tests/test_false_refusal.py::TestFalseRefusal::test_refuses_all_unanswerable
tests/test_false_refusal.py::TestFalseRefusal::test_false_refusal_below_5pct_overall
tests/test_false_refusal.py::TestFalseRefusal::test_per_stratum_reporting
tests/test_false_refusal.py::TestFalseRefusal::test_messy_docs_not_hidden_by_clean
tests/test_figure_extractor.py::test_figure_creation
tests/test_figure_extractor.py::test_extract_figures_from_text_figure
tests/test_figure_extractor.py::test_extract_figures_from_text_table
tests/test_figure_extractor.py::test_extract_figures_from_text_fig_abbrev
tests/test_figure_extractor.py::test_extract_figures_from_text_none
tests/test_figure_extractor.py::test_extract_figures_from_text_empty
tests/test_figure_extractor.py::test_classify_figure_no_image
tests/test_figure_extractor.py::test_figure_to_dict_has_has_image
tests/test_golden_corpus.py::TestGoldenSnapshotsExist::test_snapshots_file_exists
tests/test_golden_corpus.py::TestGoldenSnapshotsExist::test_snapshots_file_is_valid_json
tests/test_golden_corpus.py::TestGoldenSnapshotsExist::test_readme_exists
tests/test_golden_corpus.py::TestCurrentMatchesGolden::test_snapshot_count_matches
tests/test_golden_corpus.py::TestCurrentMatchesGolden::test_all_grounded_answers_match
tests/test_golden_corpus.py::TestCurrentMatchesGolden::test_all_refusals_match
tests/test_golden_corpus.py::TestCurrentMatchesGolden::test_anchor_pages_match
tests/test_golden_corpus.py::TestCurrentMatchesGolden::test_anchor_bboxes_match
tests/test_golden_corpus.py::TestCurrentMatchesGolden::test_answer_count_in_snapshots
tests/test_golden_corpus.py::TestAllPacksRepresented::test_contract_pack_represented
tests/test_golden_corpus.py::TestAllPacksRepresented::test_invoice_pack_represented
tests/test_golden_corpus.py::TestAllPacksRepresented::test_paper_pack_represented
tests/test_golden_corpus.py::TestAllPacksRepresented::test_generic_pack_represented
tests/test_golden_corpus.py::TestSnapshotIntegrity::test_all_snapshots_have_required_fields
tests/test_golden_corpus.py::TestSnapshotIntegrity::test_doc_files_exist
tests/test_grounding_trace.py::test_cascade_span_creation
tests/test_grounding_trace.py::test_grounding_trace_creation
tests/test_grounding_trace.py::test_record_and_get_traces
tests/test_grounding_trace.py::test_trace_stats_empty
tests/test_grounding_trace.py::test_trace_stats_with_data
tests/test_grounding_trace.py::test_traced_cascade_exact
tests/test_grounding_trace.py::test_traced_cascade_block
tests/test_grounding_trace.py::test_traced_cascade_empty_input
tests/test_hardware_check.py::test_no_gpu_activates_fallback_path
tests/test_hardware_check.py::test_no_gpu_logs_visual_retrieval_disabled
tests/test_hardware_check.py::test_no_gpu_disables_visual_retrieval_feature
tests/test_hardware_check.py::test_no_gpu_enables_text_grounding
tests/test_hardware_check.py::test_insufficient_ram_detected
tests/test_hardware_check.py::test_insufficient_ram_logs_warning
tests/test_hardware_check.py::test_insufficient_ram_disables_llm
tests/test_hardware_check.py::test_model_load_blocked_on_insufficient_vram
tests/test_hardware_check.py::test_model_load_blocked_on_insufficient_ram_cpu
tests/test_hardware_check.py::test_model_load_blocked_on_insufficient_ram_below_minimum
tests/test_hardware_check.py::test_model_load_approved_when_sufficient
tests/test_hardware_check.py::test_safe_model_load_returns_blocked_not_crash
tests/test_hardware_check.py::test_safe_model_load_returns_approved_when_ok
tests/test_hardware_check.py::test_unknown_model_size_rejected
tests/test_hardware_check.py::test_recommended_tier_enables_visual_retrieval
tests/test_hardware_check.py::test_recommended_tier_no_disabled_features
tests/test_hardware_check.py::test_recommended_tier_enables_all_grounding
tests/test_hardware_check.py::test_degradation_from_recommended_to_minimum
tests/test_hardware_check.py::test_degradation_from_minimum_to_insufficient
tests/test_hardware_check.py::test_format_report_contains_tier_and_features
tests/test_hardware_check.py::test_profile_json_serializable
tests/test_hardware_check.py::test_failing_capable_no_gpu_message
tests/test_hardware_check.py::test_failing_capable_oom_guard
tests/test_historical_tracking.py::TestHistoricalTracking::test_bench_run_is_stored_in_history
tests/test_historical_tracking.py::TestHistoricalTracking::test_history_directory_exists
tests/test_historical_tracking.py::TestHistoricalTracking::test_no_regression_beyond_tolerance
tests/test_historical_tracking.py::TestHistoricalTracking::test_regression_detection_triggers_on_drop
tests/test_injection_guard_expanded.py::test_detect_clean_text
tests/test_injection_guard_expanded.py::test_detect_ignore_instructions
tests/test_injection_guard_expanded.py::test_detect_disregard
tests/test_injection_guard_expanded.py::test_detect_forget
tests/test_injection_guard_expanded.py::test_detect_dan
tests/test_injection_guard_expanded.py::test_detect_reveal_prompt
tests/test_injection_guard_expanded.py::test_detect_output_injection
tests/test_injection_guard_expanded.py::test_detect_empty_text
tests/test_injection_guard_expanded.py::test_normalize_nfkc
tests/test_injection_guard_expanded.py::test_strip_zero_width
tests/test_injection_guard_expanded.py::test_calculate_entropy
tests/test_injection_guard_expanded.py::test_try_base64_decode
tests/test_injection_guard_expanded.py::test_try_base64_decode_clean
tests/test_injection_guard_expanded.py::test_generate_expanded_corpus
tests/test_injection_guard_expanded.py::test_expanded_corpus_all_blocked
tests/test_injection_guard_expanded.py::test_multilingual_detection
tests/test_injection_guard_expanded.py::test_zero_width_injection
tests/test_injection_no_clipboard_residue.py::TestNoClipboardResidue::test_uia_set_value_method_exists
tests/test_injection_no_clipboard_residue.py::TestNoClipboardResidue::test_sendinput_type_text_method_exists
tests/test_injection_no_clipboard_residue.py::TestNoClipboardResidue::test_clear_clipboard_method_exists
tests/test_injection_no_clipboard_residue.py::TestNoClipboardResidue::test_get_clipboard_method_exists
tests/test_injection_no_clipboard_residue.py::TestNoClipboardResidue::test_uia_text_replace_prefers_value_pattern
tests/test_injection_no_clipboard_residue.py::TestNoClipboardResidue::test_uia_text_replace_prefers_sendinput_over_clipboard
tests/test_injection_no_clipboard_residue.py::TestNoClipboardResidue::test_type_text_clears_clipboard_after_paste
tests/test_injection_no_clipboard_residue.py::TestNoClipboardResidue::test_type_text_saves_and_restores_clipboard
tests/test_injection_no_clipboard_residue.py::TestNoClipboardResidue::test_farscry_text_replace_uses_sendinput_first
tests/test_injection_no_clipboard_residue.py::TestNoClipboardResidue::test_sendinput_uses_unicode_flag
tests/test_injection_no_clipboard_residue.py::TestNoClipboardResidue::test_uia_set_value_uses_value_pattern
tests/test_injection_no_clipboard_residue.py::TestNoClipboardResidue::test_clipboard_not_used_in_primary_paths
tests/test_injection_no_clipboard_residue.py::TestNoClipboardResidue::test_module_docstring_documents_clipboard_priority
tests/test_injection_no_clipboard_residue.py::TestClipboardClearOnExit::test_type_text_clears_on_exception
tests/test_installer_smoke.py::test_iss_file_exists
tests/test_installer_smoke.py::test_iss_has_required_setup_fields
tests/test_installer_smoke.py::test_iss_has_app_id
tests/test_installer_smoke.py::test_iss_has_files_section
tests/test_installer_smoke.py::test_iss_has_icons_section
tests/test_installer_smoke.py::test_iss_bundles_sidecar
tests/test_installer_smoke.py::test_info_plist_exists
tests/test_installer_smoke.py::test_info_plist_is_valid_xml
tests/test_installer_smoke.py::test_info_plist_has_required_keys
tests/test_installer_smoke.py::test_info_plist_has_accessibility_description
tests/test_installer_smoke.py::test_info_plist_bundle_id_is_valid
tests/test_installer_smoke.py::test_winget_manifest_exists
tests/test_installer_smoke.py::test_winget_manifest_has_required_fields
tests/test_installer_smoke.py::test_winget_manifest_installer_sha256_is_valid
tests/test_installer_smoke.py::test_winget_manifest_license_is_mit
tests/test_installer_smoke.py::test_config_template_exists
tests/test_installer_smoke.py::test_config_template_has_model_section
tests/test_installer_smoke.py::test_modelfile_exists
tests/test_installer_smoke.py::test_modelfile_has_from_directive
tests/test_installer_smoke.py::test_modelfile_has_system_prompt
tests/test_installer_smoke.py::test_modelfile_has_temperature_parameter
tests/test_ipc_robustness.py::TestIPCRobustness::test_malformed_file_path_produces_clean_error
tests/test_ipc_robustness.py::TestIPCRobustness::test_empty_file_produces_clean_result
tests/test_ipc_robustness.py::TestIPCRobustness::test_oversized_content_handled_without_hang
tests/test_ipc_robustness.py::TestIPCRobustness::test_cloud_tier_blocked_in_airgap
tests/test_ipc_robustness.py::TestIPCRobustness::test_invalid_role_raises_error
tests/test_ipc_robustness.py::TestIPCRobustness::test_processing_completes_within_timeout
tests/test_ipc_robustness.py::TestIPCRobustness::test_corrupted_content_does_not_crash
tests/test_ipc_robustness.py::TestIPCRobustness::test_ipc_timeout_detection
tests/test_keychain_storage.py::test_key_stored_and_retrieved
tests/test_keychain_storage.py::test_key_not_in_config_files
tests/test_keychain_storage.py::test_key_not_in_logs
tests/test_keychain_storage.py::test_key_deleted
tests/test_keychain_storage.py::test_retrieve_nonexistent_key_returns_none
tests/test_keychain_storage.py::test_empty_key_rejected
tests/test_keychain_storage.py::test_config_files_clean_after_key_operations
tests/test_keychain_storage.py::test_scan_detects_key_in_config_if_present
tests/test_keychain_storage.py::test_scan_detects_key_in_logs_if_present
tests/test_keychain_storage.py::test_keychain_service_name_is_kairo
tests/test_keychain_storage.py::test_multiple_keys_stored_separately
tests/test_keychain_storage.py::test_key_value_not_in_key_names
tests/test_keychain_storage.py::test_failing_capable_key_never_in_config
tests/test_keychain_storage.py::test_failing_capable_key_never_in_logs
tests/test_knowledge_graph.py::test_extract_entities_org
tests/test_knowledge_graph.py::test_extract_entities_date
tests/test_knowledge_graph.py::test_extract_entities_amount
tests/test_knowledge_graph.py::test_extract_entities_jurisdiction
tests/test_knowledge_graph.py::test_extract_entities_persons
tests/test_knowledge_graph.py::test_extract_entities_skip_blocked
tests/test_knowledge_graph.py::test_infer_relationships_appears_in
tests/test_knowledge_graph.py::test_infer_relationships_supplies_to
tests/test_knowledge_graph.py::test_infer_relationships_governed_by
tests/test_knowledge_graph.py::test_graph_build_from_extractions
tests/test_knowledge_graph.py::test_graph_query
tests/test_knowledge_graph.py::test_graph_save_load
tests/test_knowledge_graph.py::test_graph_to_dict
tests/test_landing_page.py::TestLandingPageExists::test_index_html_exists
tests/test_landing_page.py::TestLandingPageExists::test_styles_css_exists
tests/test_landing_page.py::TestLandingPageExists::test_app_js_exists
tests/test_landing_page.py::TestLandingPageContent::test_has_title
tests/test_landing_page.py::TestLandingPageContent::test_has_offline_first_messaging
tests/test_landing_page.py::TestLandingPageContent::test_has_signed_receipt_messaging
tests/test_landing_page.py::TestLandingPageContent::test_has_metrics_section
tests/test_landing_page.py::TestLandingPageContent::test_has_demo_section
tests/test_landing_page.py::TestLandingPageContent::test_has_does_not_section
tests/test_landing_page.py::TestMetricClaimsAreSourced::test_metrics_have_source_commands
tests/test_landing_page.py::TestMetricClaimsAreSourced::test_grounding_accuracy_metric
tests/test_landing_page.py::TestMetricClaimsAreSourced::test_injection_block_rate_metric
tests/test_landing_page.py::TestScriptedDemo::test_demo_has_redline_command
tests/test_landing_page.py::TestScriptedDemo::test_demo_has_sealed_mode
tests/test_landing_page.py::TestScriptedDemo::test_demo_has_verify_command
tests/test_landing_page.py::TestScriptedDemo::test_demo_has_signed_receipt_display
tests/test_landing_page.py::TestScriptedDemo::test_demo_commands_reference_real_files
tests/test_landing_page.py::TestNoUnverifiableClaims::test_no_fake_user_counts
tests/test_landing_page.py::TestNoUnverifiableClaims::test_no_fake_partnerships
tests/test_landing_page.py::TestNoUnverifiableClaims::test_no_experimental_claimed_as_real
tests/test_legal_v3_adversarial.py::Adversarial::test_expired_approval
tests/test_legal_v3_adversarial.py::Adversarial::test_missing_event
tests/test_legal_v3_adversarial.py::Adversarial::test_non_nda_clause_denied
tests/test_legal_v3_adversarial.py::Adversarial::test_observer_key_tamper
tests/test_legal_v3_adversarial.py::Adversarial::test_observer_must_differ
tests/test_legal_v3_adversarial.py::Adversarial::test_path_escape
tests/test_legal_v3_adversarial.py::Adversarial::test_playbook_tamper
tests/test_legal_v3_adversarial.py::Adversarial::test_reorder
tests/test_legal_v3_crash_during_publish.py::CrashDuringPublishTests::test_crash_before_bundle_write
tests/test_legal_v3_crash_during_publish.py::CrashDuringPublishTests::test_crash_corrupts_bundle_json
tests/test_legal_v3_crash_during_publish.py::CrashDuringPublishTests::test_crash_corrupts_event_signature
tests/test_legal_v3_crash_during_publish.py::CrashDuringPublishTests::test_crash_during_event_chain
tests/test_legal_v3_crash_during_publish.py::CrashDuringPublishTests::test_crash_during_output_write
tests/test_legal_v3_crash_during_publish.py::CrashDuringPublishTests::test_crash_leaves_no_orphan_events
tests/test_legal_v3_crash_during_publish.py::CrashDuringPublishTests::test_output_docx_is_complete_or_absent
tests/test_legal_v3_crash_during_publish.py::CrashDuringPublishTests::test_partial_bundle_directory_rejected
tests/test_legal_v3_crash_during_publish.py::CrashDuringPublishTests::test_rerun_after_crash_produces_valid_bundle
tests/test_legal_v3_dsse_envelope.py::DSSEEnvelopeTests::test_create_envelope
tests/test_legal_v3_dsse_envelope.py::DSSEEnvelopeTests::test_create_statement
tests/test_legal_v3_dsse_envelope.py::DSSEEnvelopeTests::test_roundtrip_preserves_bundle
tests/test_legal_v3_dsse_envelope.py::DSSEEnvelopeTests::test_verify_envelope_callback_rejects
tests/test_legal_v3_dsse_envelope.py::DSSEEnvelopeTests::test_verify_envelope_missing_payload
tests/test_legal_v3_dsse_envelope.py::DSSEEnvelopeTests::test_verify_envelope_missing_signatures
tests/test_legal_v3_dsse_envelope.py::DSSEEnvelopeTests::test_verify_envelope_structure
tests/test_legal_v3_dsse_envelope.py::DSSEEnvelopeTests::test_verify_envelope_with_callback
tests/test_legal_v3_dsse_envelope.py::DSSEEnvelopeTests::test_verify_envelope_wrong_payload_type
tests/test_legal_v3_dsse_envelope.py::DSSEEnvelopeTests::test_wrap_bundle_custom_output
tests/test_legal_v3_dsse_envelope.py::DSSEEnvelopeTests::test_wrap_bundle_to_disk
tests/test_legal_v3_e2e.py::E2E::test_end_to_end_and_tamper
tests/test_legal_v3_e2e.py::E2E::test_source_substitution
tests/test_legal_v3_e2e.py::E2E::test_wrong_approval
tests/test_legal_v3_negative_conformance.py::NegativeConformance::test_delete_event
tests/test_legal_v3_negative_conformance.py::NegativeConformance::test_observer_collision
tests/test_legal_v3_negative_conformance.py::NegativeConformance::test_reorder_events
tests/test_legal_v3_negative_conformance.py::NegativeConformance::test_replay_event_chain
tests/test_legal_v3_negative_conformance.py::NegativeConformance::test_tamper_approval_signature
tests/test_legal_v3_negative_conformance.py::NegativeConformance::test_tamper_event_digest
tests/test_legal_v3_negative_conformance.py::NegativeConformance::test_tamper_event_signature
tests/test_legal_v3_negative_conformance.py::NegativeConformance::test_tamper_playbook_hash
tests/test_legal_v3_negative_conformance.py::NegativeConformance::test_tamper_proposal_digest
tests/test_legal_v3_negative_conformance.py::NegativeConformance::test_tamper_proposal_signature
tests/test_legal_v3_negative_conformance.py::NegativeConformance::test_tamper_public_key
tests/test_legal_v3_negative_conformance.py::NegativeConformance::test_tamper_source_hash
tests/test_legal_v3_negative_conformance.py::NegativeConformance::test_wrong_event_type_sequence
tests/test_legal_v3_trust_policy.py::TrustPolicyTests::test_check_approval_ttl_expired
tests/test_legal_v3_trust_policy.py::TrustPolicyTests::test_check_approval_ttl_within
tests/test_legal_v3_trust_policy.py::TrustPolicyTests::test_check_clause_allowed
tests/test_legal_v3_trust_policy.py::TrustPolicyTests::test_check_clause_denied
tests/test_legal_v3_trust_policy.py::TrustPolicyTests::test_check_key_trust_default
tests/test_legal_v3_trust_policy.py::TrustPolicyTests::test_check_key_trust_restricted
tests/test_legal_v3_trust_policy.py::TrustPolicyTests::test_check_observer_collision_allowed
tests/test_legal_v3_trust_policy.py::TrustPolicyTests::test_check_observer_collision_fail
tests/test_legal_v3_trust_policy.py::TrustPolicyTests::test_check_observer_collision_pass
tests/test_legal_v3_trust_policy.py::TrustPolicyTests::test_check_source_size_exceeds
tests/test_legal_v3_trust_policy.py::TrustPolicyTests::test_check_source_size_within
tests/test_legal_v3_trust_policy.py::TrustPolicyTests::test_default_policy
tests/test_legal_v3_trust_policy.py::TrustPolicyTests::test_invalid_profile_rejected
tests/test_legal_v3_trust_policy.py::TrustPolicyTests::test_load_from_file
tests/test_legal_v3_trust_policy.py::TrustPolicyTests::test_missing_clauses_rejected
tests/test_legal_v3_trust_policy.py::TrustPolicyTests::test_nonexistent_file_rejected
tests/test_legal_v3_trust_policy.py::TrustPolicyTests::test_write_default_policy
tests/test_merkle_receipts.py::TestRfc6962KnownAnswers::test_empty_tree
tests/test_merkle_receipts.py::TestRfc6962KnownAnswers::test_single_empty_leaf
tests/test_merkle_receipts.py::TestRfc6962KnownAnswers::test_two_leaves
tests/test_merkle_receipts.py::TestRfc6962KnownAnswers::test_three_leaves
tests/test_merkle_receipts.py::TestRfc6962KnownAnswers::test_leaf_hash_domain_separation
tests/test_merkle_receipts.py::TestMerkleProofs::test_proof_roundtrip_all_indices
tests/test_merkle_receipts.py::TestMerkleProofs::test_proof_rejects_wrong_leaf
tests/test_merkle_receipts.py::TestMerkleProofs::test_single_bit_flip_changes_root
tests/test_merkle_receipts.py::TestCheckpoints::test_checkpoint_roundtrip
tests/test_merkle_receipts.py::TestCheckpoints::test_checkpoint_chain_links
tests/test_merkle_receipts.py::TestCheckpoints::test_checkpoint_detects_receipt_tamper
tests/test_merkle_receipts.py::TestExternalVerifier::test_verifier_is_import_standalone
tests/test_merkle_receipts.py::TestExternalVerifier::test_clean_chain_passes
tests/test_merkle_receipts.py::TestExternalVerifier::test_detects_content_tamper
tests/test_merkle_receipts.py::TestExternalVerifier::test_detects_chain_break
tests/test_merkle_receipts.py::TestExternalVerifier::test_detects_bad_signature
tests/test_merkle_receipts.py::TestExternalVerifier::test_detects_merkle_root_mismatch
tests/test_output_manifest.py::CleanRunTests::test_clean_run_verify_exit_0
tests/test_output_manifest.py::CleanRunTests::test_tampered_docx_verify_exit_1
tests/test_output_manifest.py::CleanRunTests::test_tampered_manifest_verify_exit_1
tests/test_output_manifest.py::MalformedInputTests::test_empty_docx
tests/test_output_manifest.py::MalformedInputTests::test_empty_playbook
tests/test_output_manifest.py::MalformedInputTests::test_empty_rules_playbook
tests/test_output_manifest.py::MalformedInputTests::test_huge_key_playbook
tests/test_output_manifest.py::MalformedInputTests::test_malformed_playbook
tests/test_output_manifest.py::MalformedInputTests::test_missing_docx
tests/test_output_manifest.py::MalformedInputTests::test_non_zip_docx
tests/test_output_manifest.py::MalformedInputTests::test_truncated_docx
tests/test_output_manifest.py::MalformedInputTests::test_wrong_type_playbook
tests/test_overfitting_guard.py::TestOverfittingGuard::test_held_out_fixtures_exist
tests/test_overfitting_guard.py::TestOverfittingGuard::test_dev_vs_held_out_gap_within_threshold
tests/test_overfitting_guard.py::TestOverfittingGuard::test_overfitting_detection_triggers_on_large_gap
tests/test_pack_benchmarks.py::TestInvoiceMergedCellTotals::test_merged_cell_invoice_total_is_grounded
tests/test_pack_benchmarks.py::TestInvoiceMergedCellTotals::test_merged_cell_invoice_vendor_is_grounded
tests/test_pack_benchmarks.py::TestInvoiceMergedCellTotals::test_merged_cell_invoice_gt_is_valid
tests/test_pack_benchmarks.py::TestInvoicePartiallyScanned::test_partial_scan_invoice_total_is_grounded
tests/test_pack_benchmarks.py::TestInvoicePartiallyScanned::test_partial_scan_invoice_02_total_is_grounded
tests/test_pack_benchmarks.py::TestInvoicePartiallyScanned::test_partial_scan_gt_is_valid
tests/test_pack_benchmarks.py::TestContractCrossReferences::test_cross_ref_contract_extracts_parties
tests/test_pack_benchmarks.py::TestContractCrossReferences::test_cross_ref_contract_02_extracts_fields
tests/test_pack_benchmarks.py::TestContractCrossReferences::test_cross_ref_gt_is_valid
tests/test_pack_benchmarks.py::TestContractCrossReferences::test_cross_ref_contract_has_section_references
tests/test_pack_benchmarks.py::TestPaperFigureCaptions::test_figure_caption_paper_extracts_title
tests/test_pack_benchmarks.py::TestPaperFigureCaptions::test_figure_caption_paper_02_extracts_title
tests/test_pack_benchmarks.py::TestPaperFigureCaptions::test_figure_caption_gt_is_valid
tests/test_pack_benchmarks.py::TestPaperFigureCaptions::test_figure_caption_paper_has_captions
tests/test_pack_benchmarks.py::TestPaperFigureCaptions::test_figure_caption_paper_02_has_bert_facts
tests/test_pack_benchmarks.py::TestPackBenchmarkRun::test_pack_benchmarks_module_imports
tests/test_pack_benchmarks.py::TestPackBenchmarkRun::test_pack_benchmarks_runs
tests/test_pack_benchmarks.py::TestPackBenchmarkRun::test_pack_benchmark_report_has_hard_cases
tests/test_pack_benchmarks.py::TestPackBenchmarkRun::test_pack_benchmark_report_file_written
tests/test_packaging.py::TestInstallScriptExists::test_install_sh_exists
tests/test_packaging.py::TestInstallScriptExists::test_install_sh_is_executable_content
tests/test_packaging.py::TestInstallScriptHonesty::test_mentions_linux
tests/test_packaging.py::TestInstallScriptHonesty::test_mentions_macos
tests/test_packaging.py::TestInstallScriptHonesty::test_mentions_windows
tests/test_packaging.py::TestInstallScriptHonesty::test_linux_labeled_ci_verified
tests/test_packaging.py::TestInstallScriptHonesty::test_macos_not_claimed_as_full_verified
tests/test_packaging.py::TestInstallScriptHonesty::test_windows_not_claimed_as_full_verified
tests/test_packaging.py::TestInstallScriptReferences::test_references_requirements
tests/test_packaging.py::TestInstallScriptReferences::test_references_test_requirements
tests/test_packaging.py::TestInstallScriptReferences::test_has_smoke_test
tests/test_packaging.py::TestInstallScriptReferences::test_has_corpus_integrity_test
tests/test_packaging.py::TestMakefileCommands::test_makefile_exists
tests/test_packaging.py::TestMakefileCommands::test_has_build_target
tests/test_packaging.py::TestMakefileCommands::test_has_test_target
tests/test_packaging.py::TestMakefileCommands::test_has_demo_target
tests/test_packaging.py::TestMakefileCommands::test_has_bench_target
tests/test_packaging.py::TestMakefileCommands::test_has_run_target
tests/test_production_ops_oracles.py::TestAirgapTelemetryOracle::test_telemetry_enabled_sealed_zero_egress
tests/test_production_ops_oracles.py::TestAirgapTelemetryOracle::test_telemetry_file_not_created_in_sealed_mode
tests/test_production_ops_oracles.py::TestAirgapTelemetryOracle::test_airgap_telemetry_report_hash
tests/test_production_ops_oracles.py::TestAirgapTelemetryKillProof::test_forced_telemetry_send_caught
tests/test_production_ops_oracles.py::TestAirgapTelemetryKillProof::test_kill_proof_report_not_passing
tests/test_production_ops_oracles.py::TestUpdateSignatureOracle::test_valid_payload_accepted
tests/test_production_ops_oracles.py::TestUpdateSignatureOracle::test_tampered_data_rejected
tests/test_production_ops_oracles.py::TestUpdateSignatureOracle::test_tampered_signature_rejected
tests/test_production_ops_oracles.py::TestUpdateSignatureOracle::test_tampered_payload_rejected_overall
tests/test_production_ops_oracles.py::TestUpdateSignatureOracle::test_update_signature_report_hash
tests/test_production_ops_oracles.py::TestUpdateSignatureKillProof::test_tampered_payload_not_accepted
tests/test_production_ops_oracles.py::TestSupplyChainOracle::test_sbom_generated_and_valid
tests/test_production_ops_oracles.py::TestSupplyChainOracle::test_sbom_has_components
tests/test_production_ops_oracles.py::TestSupplyChainOracle::test_clean_scan_passes
tests/test_production_ops_oracles.py::TestSupplyChainOracle::test_planted_secret_detected
tests/test_production_ops_oracles.py::TestSupplyChainOracle::test_cleaned_scan_passes
tests/test_production_ops_oracles.py::TestSupplyChainOracle::test_supply_chain_oracle_passes
tests/test_production_ops_oracles.py::TestSupplyChainOracle::test_supply_chain_report_hash
tests/test_production_ops_oracles.py::TestSupplyChainKillProof::test_planted_secret_must_be_detected
tests/test_production_ops_oracles.py::TestSupplyChainKillProof::test_planted_secret_violations_recorded
tests/test_production_ops_oracles.py::TestSecretScanner::test_clean_file_passes
tests/test_production_ops_oracles.py::TestSecretScanner::test_aws_key_detected
tests/test_production_ops_oracles.py::TestSecretScanner::test_private_key_detected
tests/test_production_ops_oracles.py::TestSecretScanner::test_github_token_detected
tests/test_production_ops_oracles.py::TestSecretScanner::test_comments_ignored
tests/test_production_ops_oracles.py::TestSBOMGeneration::test_sbom_cyclonedx_format
tests/test_production_ops_oracles.py::TestSBOMGeneration::test_sbom_validated
tests/test_production_ops_oracles.py::TestSBOMGeneration::test_sbom_file_written
tests/test_production_ops_oracles.py::TestHonestDegradation::test_updater_disabled_in_sealed_mode
tests/test_production_ops_oracles.py::TestHonestDegradation::test_telemetry_suppressed_in_sealed_mode
tests/test_production_ops_oracles.py::TestHonestDegradation::test_opik_tracer_suppressed_in_sealed_mode
tests/test_red_team_corpus.py::TestRedTeamStructure::test_red_team_dir_exists
tests/test_red_team_corpus.py::TestRedTeamStructure::test_readme_exists
tests/test_red_team_corpus.py::TestRedTeamStructure::test_changelog_exists
tests/test_red_team_corpus.py::TestRedTeamStructure::test_submit_template_exists
tests/test_red_team_corpus.py::TestRedTeamStructure::test_adversarial_documents_exist
tests/test_red_team_corpus.py::TestAdvContractInjection::test_injected_value_is_blocked
tests/test_red_team_corpus.py::TestAdvContractInjection::test_legitimate_values_are_grounded
tests/test_red_team_corpus.py::TestAdvContractInjection::test_termination_date_grounded
tests/test_red_team_corpus.py::TestAdvInvoiceInjection::test_real_total_is_grounded
tests/test_red_team_corpus.py::TestAdvInvoiceInjection::test_injected_total_appears_in_text
tests/test_red_team_corpus.py::TestAdvInvoiceInjection::test_invoice_number_grounded
tests/test_red_team_corpus.py::TestAdvPaperFabrication::test_real_bleu_score_grounded
tests/test_red_team_corpus.py::TestAdvPaperFabrication::test_title_grounded
tests/test_red_team_corpus.py::TestAdvPaperFabrication::test_completely_fabricated_value_blocked
tests/test_red_team_corpus.py::TestAdvMemoPII::test_policy_content_grounded
tests/test_red_team_corpus.py::TestAdvMemoPII::test_fabricated_policy_blocked
tests/test_red_team_corpus.py::TestAdvContractAmendment::test_amended_date_grounded
tests/test_red_team_corpus.py::TestAdvContractAmendment::test_original_date_grounded
tests/test_red_team_corpus.py::TestAdvContractAmendment::test_payment_terms_grounded
tests/test_red_team_corpus.py::TestNoEgress::test_no_network_calls_during_verification
tests/test_red_team_corpus.py::TestNoEgress::test_verifier_imports_no_network_modules
tests/test_red_team_corpus.py::TestNoBehaviorChange::test_unanswerable_questions_refused
tests/test_red_team_corpus.py::TestNoBehaviorChange::test_fabricated_answer_blocked
tests/test_red_team_corpus.py::TestChangelogDocumentsCases::test_changelog_mentions_all_adv_files
tests/test_red_team_corpus.py::TestChangelogDocumentsCases::test_changelog_has_caught_and_fixed_section
tests/test_refusal_diagnostic.py::TestRefusalDiagnostic::test_refusal_with_block_stage
tests/test_refusal_diagnostic.py::TestRefusalDiagnostic::test_refusal_metadata_has_all_fields
tests/test_refusal_diagnostic.py::TestRefusalDiagnostic::test_refusal_with_empty_stage_defaults_to_block
tests/test_refusal_diagnostic.py::TestRefusalDiagnostic::test_non_refusal_returns_empty_metadata
tests/test_refusal_diagnostic.py::TestRefusalDiagnostic::test_refusal_message_never_blank
tests/test_refusal_diagnostic.py::TestRefusalDiagnostic::test_refusal_log_entry_written
tests/test_refusal_diagnostic.py::TestRefusalDiagnostic::test_no_log_for_non_refusal
tests/test_refusal_diagnostic.py::TestRefusalDiagnostic::test_refusal_format_matches_example
tests/test_refusal_diagnostic.py::TestRefusalDiagnostic::test_existing_answer_fields_preserved
tests/test_refusal_ui.py::test_refusal_has_label
tests/test_refusal_ui.py::test_refusal_has_explanation
tests/test_refusal_ui.py::test_refusal_has_indicator
tests/test_refusal_ui.py::test_refusal_is_marked_as_refusal
tests/test_refusal_ui.py::test_refusal_not_blank_panel
tests/test_refusal_ui.py::test_refusal_label_contains_no_source
tests/test_refusal_ui.py::test_refusal_explains_why
tests/test_refusal_ui.py::test_refusal_with_block_method
tests/test_refusal_ui.py::test_refusal_format_is_deterministic
tests/test_refusal_ui.py::test_refusal_never_returns_empty_dict
tests/test_refusal_ui.py::test_refusal_label_is_user_facing
tests/test_release_check.py::TestReleaseCheck::test_release_check_script_exists
tests/test_release_check.py::TestReleaseCheck::test_release_check_passes_with_planted_pass
tests/test_release_check.py::TestReleaseCheck::test_release_report_generated
tests/test_release_check.py::TestReleaseCheck::test_release_report_contains_all_gates
tests/test_release_check.py::TestReleaseCheck::test_release_report_contains_airgap_and_verifier
tests/test_release_check.py::TestReleaseCheck::test_planted_regression_turns_check_red
tests/test_release_check.py::TestReleaseCheck::test_release_report_is_dated_and_signed
tests/test_release_check.py::TestReleaseCheck::test_release_check_fails_without_planted_pass
tests/test_replication.py::test_replicate_module_imports
tests/test_replication.py::test_replication_runs_end_to_end
tests/test_replication.py::test_replication_covers_all_four_packs
tests/test_replication.py::test_replication_has_corpus_hash
tests/test_replication.py::test_replication_has_all_four_gates
tests/test_replication.py::test_replication_report_file_written
tests/test_replication.py::test_replication_markdown_report_written
tests/test_replication.py::test_replication_ungrounded_render_count_is_zero
tests/test_replication.py::test_replication_refusal_on_unanswerable_is_100
tests/test_replication.py::test_replication_per_pack_has_documents
tests/test_replication.py::test_replication_results_match_committed_within_tolerance
tests/test_replication.py::test_replicate_md_exists
tests/test_replication.py::test_replication_is_deterministic
tests/test_reproducibility.py::TestByteIdenticalAcrossRuns::test_same_inputs_same_receipt
tests/test_reproducibility.py::TestByteIdenticalAcrossRuns::test_assert_byte_identical_passes
tests/test_reproducibility.py::TestByteIdenticalAcrossRuns::test_assert_byte_identical_fails_on_different_results
tests/test_reproducibility.py::TestReceiptVerification::test_verify_with_matching_parameters
tests/test_reproducibility.py::TestReceiptVerification::test_verify_with_mismatched_corpus
tests/test_reproducibility.py::TestReceiptVerification::test_verify_with_mismatched_model
tests/test_reproducibility.py::TestReceiptVerification::test_verify_with_mismatched_seed
tests/test_reproducibility.py::TestDifferentInputsDifferentReceipts::test_different_corpus_different_receipt
tests/test_reproducibility.py::TestDifferentInputsDifferentReceipts::test_different_answers_different_receipt
tests/test_reproducibility.py::TestDifferentInputsDifferentReceipts::test_different_refusals_different_receipt
tests/test_reproducibility.py::TestDifferentInputsDifferentReceipts::test_different_model_different_receipt
tests/test_reproducibility.py::TestDifferentInputsDifferentReceipts::test_different_config_different_receipt
tests/test_reproducibility.py::TestSeedPinning::test_pin_seed_returns_seed
tests/test_reproducibility.py::TestSeedPinning::test_pinned_seed_produces_deterministic_random
tests/test_reproducibility.py::TestSeedPinning::test_different_seed_different_random
tests/test_reproducibility.py::TestReceiptSerialization::test_to_json_contains_all_fields
tests/test_reproducibility.py::TestReceiptSerialization::test_to_json_is_canonical
tests/test_reproducibility.py::TestCorpusHashing::test_same_corpus_different_order_same_hash
tests/test_reproducibility.py::TestCorpusHashing::test_empty_corpus_has_hash
tests/test_resource_bounds.py::TestResourceBounds::test_rss_within_budget_after_normal_processing
tests/test_resource_bounds.py::TestResourceBounds::test_large_document_handled_without_oom
tests/test_resource_bounds.py::TestResourceBounds::test_fail_safe_on_oversized_document
tests/test_resource_bounds.py::TestResourceBounds::test_memory_does_not_grow_unbounded_across_documents
tests/test_resource_bounds.py::TestResourceBounds::test_resource_bound_detection_triggers
tests/test_runnable_artifact.py::test_grounded_answer_produced[samples/invoice/sample_invoice_01.txt-What is the invoice number?-INV-2026-001]
tests/test_runnable_artifact.py::test_grounded_answer_produced[samples/contract/sample_contract_01.txt-What is the termination date?-June 1, 2029]
tests/test_runnable_artifact.py::test_grounded_answer_produced[samples/paper/sample_paper_01.txt-What architecture does the paper propose?-Transformer]
tests/test_runnable_artifact.py::test_refusal_produced_for_unanswerable[samples/invoice/sample_invoice_01.txt-What is the CEO's salary?]
tests/test_runnable_artifact.py::test_refusal_produced_for_unanswerable[samples/contract/sample_contract_01.txt-What is the annual revenue of the Licensor?]
tests/test_runnable_artifact.py::test_refusal_produced_for_unanswerable[samples/paper/sample_paper_01.txt-What is the author's home address?]
tests/test_runnable_artifact.py::test_make_run_works
tests/test_runnable_artifact.py::test_answer_question_grounded_direct
tests/test_runnable_artifact.py::test_answer_question_refusal_direct
tests/test_runnable_artifact.py::test_grounding_break_detection
tests/test_scope_discipline.py::TestRequiredFilesExist::test_contributing_md_exists
tests/test_scope_discipline.py::TestRequiredFilesExist::test_codeowners_exists
tests/test_scope_discipline.py::TestRequiredFilesExist::test_public_roadmap_exists
tests/test_scope_discipline.py::TestRequiredFilesExist::test_readme_exists
tests/test_scope_discipline.py::TestRequiredFilesExist::test_compliance_brief_exists
tests/test_scope_discipline.py::TestRequiredFilesExist::test_verifier_crate_release_exists
tests/test_scope_discipline.py::TestContributingContent::test_has_scope_boundaries
tests/test_scope_discipline.py::TestContributingContent::test_has_kairo_does
tests/test_scope_discipline.py::TestContributingContent::test_has_kairo_does_not
tests/test_scope_discipline.py::TestContributingContent::test_has_help_wanted
tests/test_scope_discipline.py::TestContributingContent::test_has_read_suggest_only
tests/test_scope_discipline.py::TestContributingContent::test_has_no_autonomous_writes
tests/test_scope_discipline.py::TestContributingContent::test_has_four_packs
tests/test_scope_discipline.py::TestContributingContent::test_has_red_team_reference
tests/test_scope_discipline.py::TestContributingContent::test_has_audit_log_reference
tests/test_scope_discipline.py::TestContributingContent::test_has_verifier_reference
tests/test_scope_discipline.py::TestCodeownersContent::test_has_kernel_core_ownership
tests/test_scope_discipline.py::TestCodeownersContent::test_has_grounding_ownership
tests/test_scope_discipline.py::TestCodeownersContent::test_has_audit_log_ownership
tests/test_scope_discipline.py::TestCodeownersContent::test_has_tests_ownership
tests/test_scope_discipline.py::TestCodeownersContent::test_has_red_team_ownership
tests/test_scope_discipline.py::TestCodeownersContent::test_has_docs_ownership
tests/test_scope_discipline.py::TestCodeownersContent::test_has_default_owner
tests/test_scope_discipline.py::TestCodeownersContent::test_has_security_ownership
tests/test_scope_discipline.py::TestPublicRoadmapContent::test_has_scope_boundaries
tests/test_scope_discipline.py::TestPublicRoadmapContent::test_has_kairo_does
tests/test_scope_discipline.py::TestPublicRoadmapContent::test_has_kairo_does_not
tests/test_scope_discipline.py::TestPublicRoadmapContent::test_has_help_wanted
tests/test_scope_discipline.py::TestPublicRoadmapContent::test_has_roadmap_items
tests/test_scope_discipline.py::TestPublicRoadmapContent::test_has_current_state
tests/test_scope_discipline.py::TestPublicRoadmapContent::test_has_contribution_link
tests/test_scope_discipline.py::TestReadmeScopeSection::test_has_scope_boundaries
tests/test_scope_discipline.py::TestReadmeScopeSection::test_has_kairo_does
tests/test_scope_discipline.py::TestReadmeScopeSection::test_has_kairo_does_not
tests/test_scope_discipline.py::TestReadmeScopeSection::test_has_read_suggest_only
tests/test_scope_discipline.py::TestReadmeScopeSection::test_has_no_source_no_answer
tests/test_scope_discipline.py::TestReadmeScopeSection::test_original_content_preserved
tests/test_scope_discipline.py::TestScopeConsistency::test_read_suggest_consistent
tests/test_scope_discipline.py::TestScopeConsistency::test_four_packs_consistent
tests/test_sidecar_lifecycle.py::TestSidecarLifecycle::test_clean_startup_and_initialization
tests/test_sidecar_lifecycle.py::TestSidecarLifecycle::test_processing_produces_trace
tests/test_sidecar_lifecycle.py::TestSidecarLifecycle::test_cleanup_and_reinitialization
tests/test_sidecar_lifecycle.py::TestSidecarLifecycle::test_multiple_documents_sequential
tests/test_sidecar_lifecycle.py::TestSidecarLifecycle::test_restart_on_simulated_crash
tests/test_sidecar_lifecycle.py::TestSidecarLifecycle::test_no_orphaned_state_after_processing
tests/test_sync_manager.py::test_compute_doc_hash
tests/test_sync_manager.py::test_build_manifest
tests/test_sync_manager.py::test_compare_manifests_no_overlap
tests/test_sync_manager.py::test_compare_manifests_shared
tests/test_sync_manager.py::test_merge_extractions_higher_confidence
tests/test_sync_manager.py::test_merge_extractions_deeper_cascade
tests/test_sync_manager.py::test_merge_extractions_new_field
tests/test_sync_manager.py::test_sync_manager_add_document
tests/test_sync_manager.py::test_sync_manager_sync_with_remote
tests/test_sync_manager.py::test_sync_manager_connect_infra_pending
tests/test_sync_manager.py::test_sync_manager_save_load
tests/test_trust_anchor_redteam.py::TrustAnchorRedTeamTests::test_attacker_key_as_external_fails_on_audit_log
tests/test_trust_anchor_redteam.py::TrustAnchorRedTeamTests::test_attacker_key_swap_detected_by_fingerprint
tests/test_trust_anchor_redteam.py::TrustAnchorRedTeamTests::test_clean_run_passes_with_external_key
tests/test_trust_anchor_redteam.py::TrustAnchorRedTeamTests::test_clean_run_passes_with_fingerprint
tests/test_trust_anchor_redteam.py::TrustAnchorRedTeamTests::test_verify_without_key_fails_closed
tests/test_trust_collapse.py::TestTrustCollapse::test_all_trust_cases_grounded
tests/test_trust_collapse.py::TestTrustCollapse::test_individual_trust_collapse_case[tc_invoice_total]
tests/test_trust_collapse.py::TestTrustCollapse::test_individual_trust_collapse_case[tc_notice_period_crossref]
tests/test_trust_collapse.py::TestTrustCollapse::test_individual_trust_collapse_case[tc_figure_caption_finding]
tests/test_trust_collapse.py::TestTrustCollapse::test_poor_ocr_trust_case
tests/test_trust_layer_extended.py::TestFlightRecorder::test_flight_log_creates_hash_chained_entries
tests/test_trust_layer_extended.py::TestFlightRecorder::test_flight_log_self_hash_is_correct
tests/test_trust_layer_extended.py::TestFlightRecorder::test_flight_log_save_and_load
tests/test_trust_layer_extended.py::TestFlightRecorder::test_flight_log_verification_passes_on_valid_log
tests/test_trust_layer_extended.py::TestFlightRecorder::test_flight_log_verification_detects_tampering
tests/test_trust_layer_extended.py::TestFlightRecorder::test_flight_log_replay_returns_valid_result
tests/test_trust_layer_extended.py::TestFlightRecorder::test_flight_log_merkle_root_of_receipts
tests/test_trust_layer_extended.py::TestFlightRecorder::test_flight_log_no_receipts_has_null_merkle_root
tests/test_trust_layer_extended.py::TestFlightRecorder::test_record_flight_from_stage_list
tests/test_trust_layer_extended.py::TestFlightRecorder::test_replay_detects_broken_chain
tests/test_trust_layer_extended.py::TestTimestampAnchor::test_anchor_created_in_sealed_mode
tests/test_trust_layer_extended.py::TestTimestampAnchor::test_anchor_created_in_offline_mode
tests/test_trust_layer_extended.py::TestTimestampAnchor::test_anchor_hash_is_correct
tests/test_trust_layer_extended.py::TestTimestampAnchor::test_anchor_verification_passes_on_valid_anchor
tests/test_trust_layer_extended.py::TestTimestampAnchor::test_anchor_verification_detects_tampering
tests/test_trust_layer_extended.py::TestTimestampAnchor::test_anchor_with_signature
tests/test_trust_layer_extended.py::TestTimestampAnchor::test_anchor_checkpoint_persists_to_file
tests/test_trust_layer_extended.py::TestTimestampAnchor::test_anchor_source_is_never_external_without_real_authority
tests/test_trust_layer_extended.py::TestPolicyEngine::test_file_delete_protected_path_denied
tests/test_trust_layer_extended.py::TestPolicyEngine::test_file_delete_non_protected_requires_human
tests/test_trust_layer_extended.py::TestPolicyEngine::test_network_access_denied_in_sealed_mode
tests/test_trust_layer_extended.py::TestPolicyEngine::test_network_access_requires_human_when_not_sealed
tests/test_trust_layer_extended.py::TestPolicyEngine::test_clipboard_write_requires_human
tests/test_trust_layer_extended.py::TestPolicyEngine::test_code_execution_safe_command_allowed
tests/test_trust_layer_extended.py::TestPolicyEngine::test_code_execution_unsafe_command_requires_human
tests/test_trust_layer_extended.py::TestPolicyEngine::test_data_export_small_allowed
tests/test_trust_layer_extended.py::TestPolicyEngine::test_data_export_large_requires_human
tests/test_trust_layer_extended.py::TestPolicyEngine::test_unregistered_action_requires_human
tests/test_trust_layer_extended.py::TestPolicyEngine::test_custom_policy_can_be_registered
tests/test_trust_layer_extended.py::TestEndToEndTrustChain::test_e2e_replay_reproduces_same_receipts
tests/test_trust_layer_extended.py::TestEndToEndTrustChain::test_e2e_merkle_inclusion_proof
tests/test_trust_layer_extended.py::TestEndToEndTrustChain::test_e2e_merkle_proof_detects_wrong_leaf
tests/test_trust_layer_extended.py::TestEndToEndTrustChain::test_e2e_checkpoint_with_anchor
tests/test_ungrounded_render.py::TestAdversarialModelOutputs::test_hallucinated_bbox_over_whitespace
tests/test_ungrounded_render.py::TestAdversarialModelOutputs::test_bbox_over_wrong_region
tests/test_ungrounded_render.py::TestAdversarialModelOutputs::test_off_page_bbox
tests/test_ungrounded_render.py::TestAdversarialModelOutputs::test_off_page_bbox_huge_coordinates
tests/test_ungrounded_render.py::TestAdversarialModelOutputs::test_quote_not_in_stored_geometry
tests/test_ungrounded_render.py::TestAdversarialModelOutputs::test_high_confidence_wrong_coordinate
tests/test_ungrounded_render.py::TestAdversarialModelOutputs::test_fabricated_anchor_with_no_chunk
tests/test_ungrounded_render.py::TestAdversarialModelOutputs::test_empty_anchors_not_renderable
tests/test_ungrounded_render.py::TestAdversarialModelOutputs::test_system_refuses_rather_than_renders
tests/test_verifier_fuzz.py::TestVerifierFuzz::test_fuzz_random_values_never_grounded_to_wrong_content
tests/test_verifier_fuzz.py::TestVerifierFuzz::test_fuzz_random_bbox_never_grounded_to_nonexistent
tests/test_verifier_fuzz.py::TestVerifierFuzz::test_fuzz_empty_and_whitespace_inputs
tests/test_verifier_fuzz.py::TestVerifierFuzz::test_fuzz_null_bytes_and_control_chars
tests/test_verifier_fuzz.py::TestVerifierFuzz::test_fuzz_extremely_long_inputs
tests/test_verifier_fuzz.py::TestVerifierFuzz::test_fuzz_unicode_and_emoji
tests/test_verifier_fuzz.py::TestVerifierFuzz::test_fuzz_deterministic_with_seed
tests/test_verifier_integration_example.py::TestIntegrationExampleGroundsRealCitations::test_grounds_delaware_governing_law
tests/test_verifier_integration_example.py::TestIntegrationExampleGroundsRealCitations::test_grounds_payment_terms
tests/test_verifier_integration_example.py::TestIntegrationExampleGroundsRealCitations::test_grounds_termination_date
tests/test_verifier_integration_example.py::TestIntegrationExampleBlocksHallucinations::test_blocks_fabricated_value
tests/test_verifier_integration_example.py::TestIntegrationExampleBlocksHallucinations::test_blocks_wrong_attribution
tests/test_verifier_integration_example.py::TestIntegrationExampleBlocksHallucinations::test_blocks_completely_unrelated_text
tests/test_verifier_integration_example.py::TestVerifierModelIndependent::test_works_with_single_chunk
tests/test_verifier_integration_example.py::TestVerifierModelIndependent::test_works_with_many_chunks
tests/test_verifier_integration_example.py::TestVerifierModelIndependent::test_works_with_empty_chunks
tests/test_verifier_integration_example.py::TestAnchorCorrectness::test_anchor_has_chunk_id
tests/test_verifier_integration_example.py::TestAnchorCorrectness::test_anchor_has_bbox
tests/test_verifier_integration_example.py::TestAnchorCorrectness::test_anchor_has_page
tests/test_verifier_integration_example.py::TestAnchorCorrectness::test_anchor_has_char_span
tests/test_verifier_integration_example.py::TestLangChainStyleIntegration::test_verified_generate_blocks_hallucination
tests/test_verifier_no_bypass.py::TestVerifierNoBypass::test_quality_gate_rejects_ungrounded_extraction
tests/test_verifier_no_bypass.py::TestVerifierNoBypass::test_quality_gate_rejects_empty_anchors
tests/test_verifier_no_bypass.py::TestVerifierNoBypass::test_quality_gate_rejects_empty_chunk_id
tests/test_verifier_no_bypass.py::TestVerifierNoBypass::test_orchestrator_calls_verifier
tests/test_verifier_no_bypass.py::TestVerifierNoBypass::test_orchestrator_grounds_before_quality_gate
tests/test_verifier_no_bypass.py::TestVerifierNoBypass::test_no_cache_bypass_in_verifier
tests/test_verifier_no_bypass.py::TestVerifierNoBypass::test_no_fast_path_skips_verification
tests/test_verifier_no_bypass.py::TestVerifierNoBypass::test_grounded_extraction_passes_gate
tests/test_verifier_standalone.py::TestCorrectGrounding::test_exact_match_with_correct_bbox
tests/test_verifier_standalone.py::TestCorrectGrounding::test_exact_match_invoice_number
tests/test_verifier_standalone.py::TestCorrectGrounding::test_fuzzy_match_with_correct_bbox
tests/test_verifier_standalone.py::TestCorrectGrounding::test_verify_convenience_function
tests/test_verifier_standalone.py::TestWhitespaceHallucination::test_correct_text_but_bbox_over_whitespace
tests/test_verifier_standalone.py::TestWhitespaceHallucination::test_total_amount_over_whitespace
tests/test_verifier_standalone.py::TestWhitespaceHallucination::test_bbox_over_whitespace_helper
tests/test_verifier_standalone.py::TestWrongRegionHallucination::test_correct_text_wrong_region
tests/test_verifier_standalone.py::TestWrongRegionHallucination::test_invoice_number_wrong_region
tests/test_verifier_standalone.py::TestOffPageHallucination::test_bbox_beyond_page_width
tests/test_verifier_standalone.py::TestOffPageHallucination::test_bbox_beyond_page_height
tests/test_verifier_standalone.py::TestOffPageHallucination::test_negative_coordinates
tests/test_verifier_standalone.py::TestOffPageHallucination::test_off_page_without_page_bounds
tests/test_verifier_standalone.py::TestEmptyAndGarbageQuotes::test_empty_quote_rejected
tests/test_verifier_standalone.py::TestEmptyAndGarbageQuotes::test_whitespace_only_quote_rejected
tests/test_verifier_standalone.py::TestEmptyAndGarbageQuotes::test_nonexistent_text_rejected
tests/test_verifier_standalone.py::TestNoGeometry::test_empty_geometry_rejected
tests/test_verifier_standalone.py::TestConfidenceIrrelevance::test_high_confidence_does_not_override_rejection
tests/test_verifier_standalone.py::TestIoUComputation::test_identical_boxes_iou_1
tests/test_verifier_standalone.py::TestIoUComputation::test_non_overlapping_iou_0
tests/test_verifier_standalone.py::TestIoUComputation::test_half_overlap_iou
tests/test_verifier_standalone.py::TestIoUComputation::test_contained_box_iou
tests/test_verifier_standalone.py::TestFailingCapable::test_whitespace_rejection_depends_on_iou
tests/test_visual_stage.py::TestIoUBoundary::test_iou_exactly_0_5_passes
tests/test_visual_stage.py::TestIoUBoundary::test_iou_below_0_5_fails
tests/test_visual_stage.py::TestIoUBoundary::test_iou_above_0_5_passes
tests/test_visual_stage.py::TestVisualStageAccept::test_visual_match_exact_text_in_overlapping_region
tests/test_visual_stage.py::TestVisualStageAccept::test_visual_match_degraded_text
tests/test_visual_stage.py::TestVisualStageAccept::test_visual_match_partial_overlap
tests/test_visual_stage.py::TestVisualStageReject::test_low_iou_rejected
tests/test_visual_stage.py::TestVisualStageReject::test_no_overlap_rejected
tests/test_visual_stage.py::TestVisualStageReject::test_text_in_region_but_bbox_elsewhere_rejected
tests/test_visual_stage.py::TestVisualMultipleRegions::test_correct_region_selected_among_many
tests/test_visual_stage.py::TestVisualMultipleRegions::test_wrong_region_among_many_rejected
tests/test_visual_stage.py::TestVisualFailingCapable::test_zero_iou_threshold_lets_hallucinations_through
tests/test_visual_stage.py::TestVisualFailingCapable::test_normal_threshold_blocks_hallucination
tests/test_vlm_grounding.py::TestVlmConfig::test_model_spec_immutable
tests/test_vlm_grounding.py::TestVlmConfig::test_select_model_gpu_7b
tests/test_vlm_grounding.py::TestVlmConfig::test_select_model_gpu_3b
tests/test_vlm_grounding.py::TestVlmConfig::test_select_model_cpu
tests/test_vlm_grounding.py::TestVlmConfig::test_config_model_path
tests/test_vlm_grounding.py::TestVlmConfig::test_config_is_downloaded_false
tests/test_vlm_grounding.py::TestVlmConfig::test_config_is_downloaded_true
tests/test_vlm_grounding.py::TestVlmConfig::test_config_ollama_options
tests/test_vlm_grounding.py::TestVlmConfig::test_write_modelfile
tests/test_vlm_grounding.py::TestVlmConfig::test_build_vlm_config_creates_dir
tests/test_vlm_grounding.py::TestVlmGroundingEngine::test_ground_element_not_available
tests/test_vlm_grounding.py::TestVlmGroundingEngine::test_ground_element_success
tests/test_vlm_grounding.py::TestVlmGroundingEngine::test_ground_element_not_found
tests/test_vlm_grounding.py::TestVlmGroundingEngine::test_ground_element_json_in_markdown
tests/test_vlm_grounding.py::TestVlmGroundingEngine::test_ground_element_parse_error
tests/test_vlm_grounding.py::TestVlmGroundingEngine::test_verify_action_success
tests/test_vlm_grounding.py::TestVlmGroundingEngine::test_verify_action_failure
tests/test_vlm_grounding.py::TestVlmGroundingEngine::test_verify_keyboard_only_mode
tests/test_vlm_grounding.py::TestVlmGroundingEngine::test_describe_screen
tests/test_vlm_grounding.py::TestDownloadProgress::test_percent_calculation
tests/test_vlm_grounding.py::TestDownloadProgress::test_percent_zero_when_total_zero
tests/test_vlm_grounding.py::TestDownloadProgress::test_is_complete
tests/test_vlm_grounding.py::TestDownloadProgress::test_is_active_while_downloading
tests/test_vlm_grounding.py::TestDownloadProgress::test_is_not_active_when_failed
tests/test_vlm_grounding.py::TestCrossAppOrchestrator::test_workflow_builder_excel_pptx
tests/test_vlm_grounding.py::TestCrossAppOrchestrator::test_workflow_builder_with_email
tests/test_vlm_grounding.py::TestCrossAppOrchestrator::test_workflow_plan_progress
tests/test_vlm_grounding.py::TestCrossAppOrchestrator::test_plan_is_complete
tests/test_vlm_grounding.py::TestCrossAppOrchestrator::test_plan_not_complete_with_pending
tests/test_vlm_grounding.py::TestCrossAppOrchestrator::test_orchestrator_dry_run
tests/test_vlm_grounding.py::TestCrossAppOrchestrator::test_orchestrator_step_callback
tests/test_vlm_grounding.py::TestCrossAppOrchestrator::test_step_ids_are_sequential
tests/test_vlm_grounding.py::TestCrossAppOrchestrator::test_all_steps_have_descriptions
tests/test_vlm_grounding.py::TestVlmCuaIntegration::test_vlm_grounding_reduces_miss_rate
tests/test_vlm_grounding.py::TestVlmCuaIntegration::test_semantic_verify_replaces_pixel_diff
tests/test_writing_intelligence.py::TestMemorizationAuditor::test_safe_original_text
tests/test_writing_intelligence.py::TestMemorizationAuditor::test_empty_text_is_safe
tests/test_writing_intelligence.py::TestMemorizationAuditor::test_mit_license_verbatim_blocked
tests/test_writing_intelligence.py::TestMemorizationAuditor::test_gpl_header_detected
tests/test_writing_intelligence.py::TestMemorizationAuditor::test_corpus_ngram_detection
tests/test_writing_intelligence.py::TestMemorizationAuditor::test_no_false_positive_common_phrases
tests/test_writing_intelligence.py::TestMemorizationAuditor::test_audit_result_to_dict
tests/test_writing_intelligence.py::TestMemorizationAuditor::test_add_to_corpus_returns_count
tests/test_writing_intelligence.py::TestMemorizationAuditor::test_convenience_function
tests/test_writing_intelligence.py::TestMemorizationAuditor::test_highest_risk_property
tests/test_writing_intelligence.py::TestMemorizationAuditor::test_memorization_risk_ordering
tests/test_writing_intelligence.py::TestMemorizationAuditor::test_corpus_loaded_from_file
tests/test_writing_intelligence.py::TestMemorizationAuditor::test_tokenizer_strips_punctuation
tests/test_writing_intelligence.py::TestVoiceAdapter::test_extract_fingerprint_formal
tests/test_writing_intelligence.py::TestVoiceAdapter::test_extract_fingerprint_casual
tests/test_writing_intelligence.py::TestVoiceAdapter::test_extract_fingerprint_empty_docs
tests/test_writing_intelligence.py::TestVoiceAdapter::test_extract_fingerprint_too_short
tests/test_writing_intelligence.py::TestVoiceAdapter::test_extract_fingerprint_multiple_docs
tests/test_writing_intelligence.py::TestVoiceAdapter::test_build_voice_prompt_formal
tests/test_writing_intelligence.py::TestVoiceAdapter::test_build_voice_prompt_casual
tests/test_writing_intelligence.py::TestVoiceAdapter::test_voice_prompt_includes_transitions
tests/test_writing_intelligence.py::TestVoiceAdapter::test_fingerprint_roundtrip
tests/test_writing_intelligence.py::TestVoiceAdapter::test_oxford_comma_detection
tests/test_writing_intelligence.py::TestVoiceAdapter::test_contraction_detection
tests/test_writing_intelligence.py::TestVoiceStore::test_save_and_load
tests/test_writing_intelligence.py::TestVoiceStore::test_load_missing_returns_none
tests/test_writing_intelligence.py::TestVoiceStore::test_delete
tests/test_writing_intelligence.py::TestVoiceStore::test_delete_nonexistent_returns_false
tests/test_writing_intelligence.py::TestVoiceStore::test_list_users
tests/test_writing_intelligence.py::TestVoiceStore::test_overwrite_existing
tests/test_writing_intelligence.py::TestWritingIntelligenceIntegration::test_voice_adapted_generation_prompt
tests/test_writing_intelligence.py::TestWritingIntelligenceIntegration::test_audit_does_not_block_ai_text
tests/test_writing_intelligence.py::TestWritingIntelligenceIntegration::test_memorization_audit_json_serializable
tests/test_writing_intelligence.py::TestBloomFilter::test_bloom_filter_add_and_contains
tests/test_writing_intelligence.py::TestWritingIntelligenceOrchestrator::test_get_generation_prompt_without_fingerprint
tests/test_writing_intelligence.py::TestWritingIntelligenceOrchestrator::test_audit_output_integration
tests/test_writing_intelligence.py::TestWritingIntelligenceOrchestrator::test_process_and_sanitize_no_match
tests/test_writing_intelligence.py::TestWritingIntelligenceOrchestrator::test_process_and_sanitize_verbatim_paraphrase
tests/test_writing_intelligence.py::TestWritingIntelligenceOrchestrator::test_log_document_feedback_cycles
tests/test_writing_intelligence.py::TestAuditorMetrics::test_compute_metrics_clean_text
tests/test_writing_intelligence.py::TestAuditorMetrics::test_compute_metrics_with_verbatim_match
tests/test_writing_intelligence.py::TestAuditorMetrics::test_bloom_filter_integration

==================================== ERRORS ====================================
_____________ ERROR collecting kairo-sidecar/test_domain2_excel.py _____________
ImportError while importing test module '/home/daytona/snapshot/Kartik24Hulmukh-Axiom-Grid-831b26f/kairo-sidecar/test_domain2_excel.py'.
Hint: make sure your test modules/packages have valid Python names.
Traceback:
/usr/local/lib/python3.14/importlib/__init__.py:88: in import_module
    return _bootstrap._gcd_import(name[level:], package, level)
           ^^^^^^^^^^^^^^^^^^^^^^^^^^^^^^^^^^^^^^^^^^^^^^^^^^^^
kairo-sidecar/test_domain2_excel.py:20: in <module>
    import openpyxl
E   ModuleNotFoundError: No module named 'openpyxl'
_____________ ERROR collecting kairo-sidecar/test_domain3_pptx.py ______________
ImportError while importing test module '/home/daytona/snapshot/Kartik24Hulmukh-Axiom-Grid-831b26f/kairo-sidecar/test_domain3_pptx.py'.
Hint: make sure your test modules/packages have valid Python names.
Traceback:
/usr/local/lib/python3.14/importlib/__init__.py:88: in import_module
    return _bootstrap._gcd_import(name[level:], package, level)
           ^^^^^^^^^^^^^^^^^^^^^^^^^^^^^^^^^^^^^^^^^^^^^^^^^^^^
kairo-sidecar/test_domain3_pptx.py:43: in <module>
    from pptx.util import Pt
E   ModuleNotFoundError: No module named 'pptx'
_____________ ERROR collecting kairo-sidecar/test_phase0_1_e2e.py ______________
ImportError while importing test module '/home/daytona/snapshot/Kartik24Hulmukh-Axiom-Grid-831b26f/kairo-sidecar/test_phase0_1_e2e.py'.
Hint: make sure your test modules/packages have valid Python names.
Traceback:
/usr/local/lib/python3.14/importlib/__init__.py:88: in import_module
    return _bootstrap._gcd_import(name[level:], package, level)
           ^^^^^^^^^^^^^^^^^^^^^^^^^^^^^^^^^^^^^^^^^^^^^^^^^^^^
kairo-sidecar/test_phase0_1_e2e.py:20: in <module>
    from openpyxl import Workbook
E   ModuleNotFoundError: No module named 'openpyxl'
_______ ERROR collecting kairo-sidecar/tests/test_adjacent_unchanged.py ________
ImportError while importing test module '/home/daytona/snapshot/Kartik24Hulmukh-Axiom-Grid-831b26f/kairo-sidecar/tests/test_adjacent_unchanged.py'.
Hint: make sure your test modules/packages have valid Python names.
Traceback:
/usr/local/lib/python3.14/importlib/__init__.py:88: in import_module
    return _bootstrap._gcd_import(name[level:], package, level)
           ^^^^^^^^^^^^^^^^^^^^^^^^^^^^^^^^^^^^^^^^^^^^^^^^^^^^
kairo-sidecar/tests/test_adjacent_unchanged.py:7: in <module>
    import openpyxl
E   ModuleNotFoundError: No module named 'openpyxl'
_______ ERROR collecting kairo-sidecar/tests/test_air_gap_validation.py ________
ImportError while importing test module '/home/daytona/snapshot/Kartik24Hulmukh-Axiom-Grid-831b26f/kairo-sidecar/tests/test_air_gap_validation.py'.
Hint: make sure your test modules/packages have valid Python names.
Traceback:
/usr/local/lib/python3.14/importlib/__init__.py:88: in import_module
    return _bootstrap._gcd_import(name[level:], package, level)
           ^^^^^^^^^^^^^^^^^^^^^^^^^^^^^^^^^^^^^^^^^^^^^^^^^^^^
kairo-sidecar/tests/test_air_gap_validation.py:13: in <module>
    from sidecar.oracles import NetworkSnifferOracle
kairo-sidecar/sidecar/oracles.py:14: in <module>
    import openpyxl
E   ModuleNotFoundError: No module named 'openpyxl'
____________ ERROR collecting kairo-sidecar/tests/test_best_of_n.py ____________
ImportError while importing test module '/home/daytona/snapshot/Kartik24Hulmukh-Axiom-Grid-831b26f/kairo-sidecar/tests/test_best_of_n.py'.
Hint: make sure your test modules/packages have valid Python names.
Traceback:
/usr/local/lib/python3.14/importlib/__init__.py:88: in import_module
    return _bootstrap._gcd_import(name[level:], package, level)
           ^^^^^^^^^^^^^^^^^^^^^^^^^^^^^^^^^^^^^^^^^^^^^^^^^^^^
kairo-sidecar/tests/test_best_of_n.py:14: in <module>
    from sidecar.best_of_n import run_best_of_n
kairo-sidecar/sidecar/best_of_n.py:13: in <module>
    from sidecar.oracles import verify_docx, verify_xlsx, verify_pptx, verify_pdf
kairo-sidecar/sidecar/oracles.py:14: in <module>
    import openpyxl
E   ModuleNotFoundError: No module named 'openpyxl'
____________ ERROR collecting kairo-sidecar/tests/test_creators.py _____________
ImportError while importing test module '/home/daytona/snapshot/Kartik24Hulmukh-Axiom-Grid-831b26f/kairo-sidecar/tests/test_creators.py'.
Hint: make sure your test modules/packages have valid Python names.
Traceback:
/usr/local/lib/python3.14/importlib/__init__.py:88: in import_module
    return _bootstrap._gcd_import(name[level:], package, level)
           ^^^^^^^^^^^^^^^^^^^^^^^^^^^^^^^^^^^^^^^^^^^^^^^^^^^^
kairo-sidecar/tests/test_creators.py:6: in <module>
    import openpyxl
E   ModuleNotFoundError: No module named 'openpyxl'
_________ ERROR collecting kairo-sidecar/tests/test_domain_registry.py _________
ImportError while importing test module '/home/daytona/snapshot/Kartik24Hulmukh-Axiom-Grid-831b26f/kairo-sidecar/tests/test_domain_registry.py'.
Hint: make sure your test modules/packages have valid Python names.
Traceback:
/usr/local/lib/python3.14/importlib/__init__.py:88: in import_module
    return _bootstrap._gcd_import(name[level:], package, level)
           ^^^^^^^^^^^^^^^^^^^^^^^^^^^^^^^^^^^^^^^^^^^^^^^^^^^^
kairo-sidecar/tests/test_domain_registry.py:7: in <module>
    from sidecar.router import DomainMasterRouter, KairoRequest
kairo-sidecar/sidecar/router.py:37: in <module>
    from sidecar.masters.excel_master import (
kairo-sidecar/sidecar/masters/excel_master.py:8: in <module>
    from openpyxl import load_workbook
E   ModuleNotFoundError: No module named 'openpyxl'
_____ ERROR collecting kairo-sidecar/tests/test_excel_archive_lifecycle.py _____
ImportError while importing test module '/home/daytona/snapshot/Kartik24Hulmukh-Axiom-Grid-831b26f/kairo-sidecar/tests/test_excel_archive_lifecycle.py'.
Hint: make sure your test modules/packages have valid Python names.
Traceback:
/usr/local/lib/python3.14/importlib/__init__.py:88: in import_module
    return _bootstrap._gcd_import(name[level:], package, level)
           ^^^^^^^^^^^^^^^^^^^^^^^^^^^^^^^^^^^^^^^^^^^^^^^^^^^^
kairo-sidecar/tests/test_excel_archive_lifecycle.py:5: in <module>
    from openpyxl import Workbook
E   ModuleNotFoundError: No module named 'openpyxl'
__________ ERROR collecting kairo-sidecar/tests/test_excel_master.py ___________
ImportError while importing test module '/home/daytona/snapshot/Kartik24Hulmukh-Axiom-Grid-831b26f/kairo-sidecar/tests/test_excel_master.py'.
Hint: make sure your test modules/packages have valid Python names.
Traceback:
/usr/local/lib/python3.14/importlib/__init__.py:88: in import_module
    return _bootstrap._gcd_import(name[level:], package, level)
           ^^^^^^^^^^^^^^^^^^^^^^^^^^^^^^^^^^^^^^^^^^^^^^^^^^^^
kairo-sidecar/tests/test_excel_master.py:10: in <module>
    import openpyxl
E   ModuleNotFoundError: No module named 'openpyxl'
__________ ERROR collecting kairo-sidecar/tests/test_excel_oracles.py __________
ImportError while importing test module '/home/daytona/snapshot/Kartik24Hulmukh-Axiom-Grid-831b26f/kairo-sidecar/tests/test_excel_oracles.py'.
Hint: make sure your test modules/packages have valid Python names.
Traceback:
/usr/local/lib/python3.14/importlib/__init__.py:88: in import_module
    return _bootstrap._gcd_import(name[level:], package, level)
           ^^^^^^^^^^^^^^^^^^^^^^^^^^^^^^^^^^^^^^^^^^^^^^^^^^^^
kairo-sidecar/tests/test_excel_oracles.py:23: in <module>
    import openpyxl
E   ModuleNotFoundError: No module named 'openpyxl'
_______ ERROR collecting kairo-sidecar/tests/test_formula_validation.py ________
ImportError while importing test module '/home/daytona/snapshot/Kartik24Hulmukh-Axiom-Grid-831b26f/kairo-sidecar/tests/test_formula_validation.py'.
Hint: make sure your test modules/packages have valid Python names.
Traceback:
/usr/local/lib/python3.14/importlib/__init__.py:88: in import_module
    return _bootstrap._gcd_import(name[level:], package, level)
           ^^^^^^^^^^^^^^^^^^^^^^^^^^^^^^^^^^^^^^^^^^^^^^^^^^^^
kairo-sidecar/tests/test_formula_validation.py:8: in <module>
    from sidecar.masters.excel_master import ExcelContext, ExcelOperationValidator
kairo-sidecar/sidecar/masters/excel_master.py:8: in <module>
    from openpyxl import load_workbook
E   ModuleNotFoundError: No module named 'openpyxl'
_______ ERROR collecting kairo-sidecar/tests/test_gui_artifact_oracle.py _______
ImportError while importing test module '/home/daytona/snapshot/Kartik24Hulmukh-Axiom-Grid-831b26f/kairo-sidecar/tests/test_gui_artifact_oracle.py'.
Hint: make sure your test modules/packages have valid Python names.
Traceback:
/usr/local/lib/python3.14/importlib/__init__.py:88: in import_module
    return _bootstrap._gcd_import(name[level:], package, level)
           ^^^^^^^^^^^^^^^^^^^^^^^^^^^^^^^^^^^^^^^^^^^^^^^^^^^^
kairo-sidecar/tests/test_gui_artifact_oracle.py:8: in <module>
    import openpyxl
E   ModuleNotFoundError: No module named 'openpyxl'
_____________ ERROR collecting kairo-sidecar/tests/test_offline.py _____________
ImportError while importing test module '/home/daytona/snapshot/Kartik24Hulmukh-Axiom-Grid-831b26f/kairo-sidecar/tests/test_offline.py'.
Hint: make sure your test modules/packages have valid Python names.
Traceback:
/usr/local/lib/python3.14/importlib/__init__.py:88: in import_module
    return _bootstrap._gcd_import(name[level:], package, level)
           ^^^^^^^^^^^^^^^^^^^^^^^^^^^^^^^^^^^^^^^^^^^^^^^^^^^^
kairo-sidecar/tests/test_offline.py:9: in <module>
    from sidecar.router import DomainMasterRouter
kairo-sidecar/sidecar/router.py:37: in <module>
    from sidecar.masters.excel_master import (
kairo-sidecar/sidecar/masters/excel_master.py:8: in <module>
    from openpyxl import load_workbook
E   ModuleNotFoundError: No module named 'openpyxl'
__ ERROR collecting kairo-sidecar/tests/test_oracle_hardening_adversarial.py ___
ImportError while importing test module '/home/daytona/snapshot/Kartik24Hulmukh-Axiom-Grid-831b26f/kairo-sidecar/tests/test_oracle_hardening_adversarial.py'.
Hint: make sure your test modules/packages have valid Python names.
Traceback:
/usr/local/lib/python3.14/importlib/__init__.py:88: in import_module
    return _bootstrap._gcd_import(name[level:], package, level)
           ^^^^^^^^^^^^^^^^^^^^^^^^^^^^^^^^^^^^^^^^^^^^^^^^^^^^
kairo-sidecar/tests/test_oracle_hardening_adversarial.py:6: in <module>
    import pptx
E   ModuleNotFoundError: No module named 'pptx'
___ ERROR collecting kairo-sidecar/tests/test_oracle_hardening_challenger.py ___
ImportError while importing test module '/home/daytona/snapshot/Kartik24Hulmukh-Axiom-Grid-831b26f/kairo-sidecar/tests/test_oracle_hardening_challenger.py'.
Hint: make sure your test modules/packages have valid Python names.
Traceback:
/usr/local/lib/python3.14/importlib/__init__.py:88: in import_module
    return _bootstrap._gcd_import(name[level:], package, level)
           ^^^^^^^^^^^^^^^^^^^^^^^^^^^^^^^^^^^^^^^^^^^^^^^^^^^^
kairo-sidecar/tests/test_oracle_hardening_challenger.py:6: in <module>
    import pptx
E   ModuleNotFoundError: No module named 'pptx'
_____________ ERROR collecting kairo-sidecar/tests/test_oracles.py _____________
ImportError while importing test module '/home/daytona/snapshot/Kartik24Hulmukh-Axiom-Grid-831b26f/kairo-sidecar/tests/test_oracles.py'.
Hint: make sure your test modules/packages have valid Python names.
Traceback:
/usr/local/lib/python3.14/importlib/__init__.py:88: in import_module
    return _bootstrap._gcd_import(name[level:], package, level)
           ^^^^^^^^^^^^^^^^^^^^^^^^^^^^^^^^^^^^^^^^^^^^^^^^^^^^
kairo-sidecar/tests/test_oracles.py:9: in <module>
    import openpyxl
E   ModuleNotFoundError: No module named 'openpyxl'
________ ERROR collecting kairo-sidecar/tests/test_parallel_sandbox.py _________
ImportError while importing test module '/home/daytona/snapshot/Kartik24Hulmukh-Axiom-Grid-831b26f/kairo-sidecar/tests/test_parallel_sandbox.py'.
Hint: make sure your test modules/packages have valid Python names.
Traceback:
/usr/local/lib/python3.14/importlib/__init__.py:88: in import_module
    return _bootstrap._gcd_import(name[level:], package, level)
           ^^^^^^^^^^^^^^^^^^^^^^^^^^^^^^^^^^^^^^^^^^^^^^^^^^^^
kairo-sidecar/tests/test_parallel_sandbox.py:38: in <module>
    from sidecar.oracle_dispatcher import dispatch
kairo-sidecar/sidecar/oracle_dispatcher.py:28: in <module>
    from sidecar import oracles
kairo-sidecar/sidecar/oracles.py:14: in <module>
    import openpyxl
E   ModuleNotFoundError: No module named 'openpyxl'
__________ ERROR collecting kairo-sidecar/tests/test_phase10_loop.py ___________
ImportError while importing test module '/home/daytona/snapshot/Kartik24Hulmukh-Axiom-Grid-831b26f/kairo-sidecar/tests/test_phase10_loop.py'.
Hint: make sure your test modules/packages have valid Python names.
Traceback:
/usr/local/lib/python3.14/importlib/__init__.py:88: in import_module
    return _bootstrap._gcd_import(name[level:], package, level)
           ^^^^^^^^^^^^^^^^^^^^^^^^^^^^^^^^^^^^^^^^^^^^^^^^^^^^
kairo-sidecar/tests/test_phase10_loop.py:46: in <module>
    from sidecar.outcome_store import OutcomeStore
kairo-sidecar/sidecar/outcome_store.py:21: in <module>
    import duckdb
E   ModuleNotFoundError: No module named 'duckdb'
_______ ERROR collecting kairo-sidecar/tests/test_phase11_drift_alarm.py _______
ImportError while importing test module '/home/daytona/snapshot/Kartik24Hulmukh-Axiom-Grid-831b26f/kairo-sidecar/tests/test_phase11_drift_alarm.py'.
Hint: make sure your test modules/packages have valid Python names.
Traceback:
/usr/local/lib/python3.14/importlib/__init__.py:88: in import_module
    return _bootstrap._gcd_import(name[level:], package, level)
           ^^^^^^^^^^^^^^^^^^^^^^^^^^^^^^^^^^^^^^^^^^^^^^^^^^^^
kairo-sidecar/tests/test_phase11_drift_alarm.py:18: in <module>
    from sidecar.judging import GauntletJudge
kairo-sidecar/sidecar/judging.py:15: in <module>
    from sidecar.oracles import verify_docx, verify_xlsx, verify_pptx, verify_pdf
kairo-sidecar/sidecar/oracles.py:14: in <module>
    import openpyxl
E   ModuleNotFoundError: No module named 'openpyxl'
________ ERROR collecting kairo-sidecar/tests/test_production_gates.py _________
ImportError while importing test module '/home/daytona/snapshot/Kartik24Hulmukh-Axiom-Grid-831b26f/kairo-sidecar/tests/test_production_gates.py'.
Hint: make sure your test modules/packages have valid Python names.
Traceback:
/usr/local/lib/python3.14/importlib/__init__.py:88: in import_module
    return _bootstrap._gcd_import(name[level:], package, level)
           ^^^^^^^^^^^^^^^^^^^^^^^^^^^^^^^^^^^^^^^^^^^^^^^^^^^^
kairo-sidecar/tests/test_production_gates.py:12: in <module>
    import openpyxl
E   ModuleNotFoundError: No module named 'openpyxl'
___________ ERROR collecting kairo-sidecar/tests/test_prompt_leak.py ___________
ImportError while importing test module '/home/daytona/snapshot/Kartik24Hulmukh-Axiom-Grid-831b26f/kairo-sidecar/tests/test_prompt_leak.py'.
Hint: make sure your test modules/packages have valid Python names.
Traceback:
/usr/local/lib/python3.14/importlib/__init__.py:88: in import_module
    return _bootstrap._gcd_import(name[level:], package, level)
           ^^^^^^^^^^^^^^^^^^^^^^^^^^^^^^^^^^^^^^^^^^^^^^^^^^^^
kairo-sidecar/tests/test_prompt_leak.py:8: in <module>
    from sidecar.router import OutputVerifier
kairo-sidecar/sidecar/router.py:37: in <module>
    from sidecar.masters.excel_master import (
kairo-sidecar/sidecar/masters/excel_master.py:8: in <module>
    from openpyxl import load_workbook
E   ModuleNotFoundError: No module named 'openpyxl'
___________ ERROR collecting kairo-sidecar/tests/test_rapid_fire.py ____________
ImportError while importing test module '/home/daytona/snapshot/Kartik24Hulmukh-Axiom-Grid-831b26f/kairo-sidecar/tests/test_rapid_fire.py'.
Hint: make sure your test modules/packages have valid Python names.
Traceback:
/usr/local/lib/python3.14/importlib/__init__.py:88: in import_module
    return _bootstrap._gcd_import(name[level:], package, level)
           ^^^^^^^^^^^^^^^^^^^^^^^^^^^^^^^^^^^^^^^^^^^^^^^^^^^^
kairo-sidecar/tests/test_rapid_fire.py:10: in <module>
    from sidecar.router import SwarmOrchestrator, KairoResponse
kairo-sidecar/sidecar/router.py:37: in <module>
    from sidecar.masters.excel_master import (
kairo-sidecar/sidecar/masters/excel_master.py:8: in <module>
    from openpyxl import load_workbook
E   ModuleNotFoundError: No module named 'openpyxl'
_____________ ERROR collecting kairo-sidecar/tests/test_router.py ______________
ImportError while importing test module '/home/daytona/snapshot/Kartik24Hulmukh-Axiom-Grid-831b26f/kairo-sidecar/tests/test_router.py'.
Hint: make sure your test modules/packages have valid Python names.
Traceback:
/usr/local/lib/python3.14/importlib/__init__.py:88: in import_module
    return _bootstrap._gcd_import(name[level:], package, level)
           ^^^^^^^^^^^^^^^^^^^^^^^^^^^^^^^^^^^^^^^^^^^^^^^^^^^^
kairo-sidecar/tests/test_router.py:30: in <module>
    import openpyxl
E   ModuleNotFoundError: No module named 'openpyxl'
_____________ ERROR collecting kairo-sidecar/tests/test_sm3_sm4.py _____________
ImportError while importing test module '/home/daytona/snapshot/Kartik24Hulmukh-Axiom-Grid-831b26f/kairo-sidecar/tests/test_sm3_sm4.py'.
Hint: make sure your test modules/packages have valid Python names.
Traceback:
/usr/local/lib/python3.14/importlib/__init__.py:88: in import_module
    return _bootstrap._gcd_import(name[level:], package, level)
           ^^^^^^^^^^^^^^^^^^^^^^^^^^^^^^^^^^^^^^^^^^^^^^^^^^^^
kairo-sidecar/tests/test_sm3_sm4.py:6: in <module>
    import duckdb
E   ModuleNotFoundError: No module named 'duckdb'
___________ ERROR collecting kairo-sidecar/tests/test_sprints_new.py ___________
ImportError while importing test module '/home/daytona/snapshot/Kartik24Hulmukh-Axiom-Grid-831b26f/kairo-sidecar/tests/test_sprints_new.py'.
Hint: make sure your test modules/packages have valid Python names.
Traceback:
/usr/local/lib/python3.14/importlib/__init__.py:88: in import_module
    return _bootstrap._gcd_import(name[level:], package, level)
           ^^^^^^^^^^^^^^^^^^^^^^^^^^^^^^^^^^^^^^^^^^^^^^^^^^^^
kairo-sidecar/tests/test_sprints_new.py:18: in <module>
    from sidecar.outcome_store import OutcomeStore
kairo-sidecar/sidecar/outcome_store.py:21: in <module>
    import duckdb
E   ModuleNotFoundError: No module named 'duckdb'
____________________ ERROR collecting tests/latency_test.py ____________________
import file mismatch:
imported module 'latency_test' has this __file__ attribute:
  /home/daytona/snapshot/Kartik24Hulmukh-Axiom-Grid-831b26f/scripts/latency_test.py
which is not the same as the test file we want to collect:
  /home/daytona/snapshot/Kartik24Hulmukh-Axiom-Grid-831b26f/tests/latency_test.py
HINT: remove __pycache__ / .pyc files and/or use a unique basename for your test file modules
__________________ ERROR collecting tests/memory_leak_test.py __________________
import file mismatch:
imported module 'memory_leak_test' has this __file__ attribute:
  /home/daytona/snapshot/Kartik24Hulmukh-Axiom-Grid-831b26f/scripts/memory_leak_test.py
which is not the same as the test file we want to collect:
  /home/daytona/snapshot/Kartik24Hulmukh-Axiom-Grid-831b26f/tests/memory_leak_test.py
HINT: remove __pycache__ / .pyc files and/or use a unique basename for your test file modules
=============================== warnings summary ===============================
kairo-sidecar/sidecar/test_fix_loop.py:87
  /home/daytona/snapshot/Kartik24Hulmukh-Axiom-Grid-831b26f/kairo-sidecar/sidecar/test_fix_loop.py:87: PytestCollectionWarning: cannot collect test class 'TestFixLoop' because it has a __init__ constructor (from: kairo-sidecar/sidecar/test_fix_loop.py)
    class TestFixLoop:

kairo-sidecar/sidecar/test_generator.py:14
  /home/daytona/snapshot/Kartik24Hulmukh-Axiom-Grid-831b26f/kairo-sidecar/sidecar/test_generator.py:14: PytestCollectionWarning: cannot collect test class 'TestGenerator' because it has a __init__ constructor (from: kairo-sidecar/sidecar/test_generator.py)
    class TestGenerator:

kairo-sidecar/tests/test_kairoreal_gauntlet.py:124
  /home/daytona/snapshot/Kartik24Hulmukh-Axiom-Grid-831b26f/kairo-sidecar/tests/test_kairoreal_gauntlet.py:124: PytestUnknownMarkWarning: Unknown pytest.mark.slow - is this a typo?  You can register custom marks to avoid this warning - for details, see https://docs.pytest.org/en/stable/how-to/mark.html
    @pytest.mark.slow

kairo-sidecar/sidecar/test_generator.py:14
  /home/daytona/snapshot/Kartik24Hulmukh-Axiom-Grid-831b26f/kairo-sidecar/sidecar/test_generator.py:14: PytestCollectionWarning: cannot collect test class 'TestGenerator' because it has a __init__ constructor (from: kairo-sidecar/tests/test_test_generator.py)
    class TestGenerator:

-- Docs: https://docs.pytest.org/en/stable/how-to/capture-warnings.html
=========================== short test summary info ============================
ERROR kairo-sidecar/test_domain2_excel.py
ERROR kairo-sidecar/test_domain3_pptx.py
ERROR kairo-sidecar/test_phase0_1_e2e.py
ERROR kairo-sidecar/tests/test_adjacent_unchanged.py
ERROR kairo-sidecar/tests/test_air_gap_validation.py
ERROR kairo-sidecar/tests/test_best_of_n.py
ERROR kairo-sidecar/tests/test_creators.py
ERROR kairo-sidecar/tests/test_domain_registry.py
ERROR kairo-sidecar/tests/test_excel_archive_lifecycle.py
ERROR kairo-sidecar/tests/test_excel_master.py
ERROR kairo-sidecar/tests/test_excel_oracles.py
ERROR kairo-sidecar/tests/test_formula_validation.py
ERROR kairo-sidecar/tests/test_gui_artifact_oracle.py
ERROR kairo-sidecar/tests/test_offline.py
ERROR kairo-sidecar/tests/test_oracle_hardening_adversarial.py
ERROR kairo-sidecar/tests/test_oracle_hardening_challenger.py
ERROR kairo-sidecar/tests/test_oracles.py
ERROR kairo-sidecar/tests/test_parallel_sandbox.py
ERROR kairo-sidecar/tests/test_phase10_loop.py
ERROR kairo-sidecar/tests/test_phase11_drift_alarm.py
ERROR kairo-sidecar/tests/test_production_gates.py
ERROR kairo-sidecar/tests/test_prompt_leak.py
ERROR kairo-sidecar/tests/test_rapid_fire.py
ERROR kairo-sidecar/tests/test_router.py
ERROR kairo-sidecar/tests/test_sm3_sm4.py
ERROR kairo-sidecar/tests/test_sprints_new.py
ERROR tests/latency_test.py
ERROR tests/memory_leak_test.py
!!!!!!!!!!!!!!!!!!! Interrupted: 28 errors during collection !!!!!!!!!!!!!!!!!!!
3068 tests collected, 28 errors in 8.42s
