✔ blank input does not invoke backend (2.139161ms)
✔ explicit context and literal output, not HTML (4.345082ms)
✔ discard prevents late results and concurrent requests (1.91229ms)
✔ backend failure is actionable and resets button (1.011236ms)
✔ browser-only preview does not fake generation (0.787354ms)
✔ readiness displays exact configured model and enables generation (0.752994ms)
✔ browser readiness fails closed (0.797974ms)
✔ cancel while pending propagates to the backend (0.766944ms)
✔ cancel without pending work does not call the backend (0.640364ms)
✔ browser readiness disables generation (0.989535ms)
✔ generation cannot start before readiness resolves (0.743024ms)
✔ stale readiness cannot overwrite a newer failure (0.771064ms)
✔ readiness retry never enables generation while pending (0.812994ms)
✔ generation completion preserves a failed readiness gate (0.855925ms)
✔ cancellation rejection is visible and never claims generation stopped (0.970835ms)
✔ failed cancellation acknowledgement cannot race a new generation (0.824314ms)
✔ malformed readiness never unlocks generation (0.889565ms)
ℹ tests 17
ℹ suites 0
ℹ pass 17
ℹ fail 0
ℹ cancelled 0
ℹ skipped 0
ℹ todo 0
ℹ duration_ms 108.522844
