{"ts":"2026-09-15T10:36:32.329Z","level":"INFO","logger":"kernel.sidecar.memory_store","msg":"MemoryStore initialized: /home/daytona/axiom-grid/.kairo/overlay_store.db","service":"axiom-grid-overlay"}
....................................F................................... [  2%]
...............F......................F...........F..................... [  4%]
.............................................................{"ts":"2026-09-15T10:36:48.899Z","level":"INFO","logger":"kairo.personalization","msg":"Trained adapter 4a7d2e6126af6e3f for user 'local': 51 contexts, 8 samples","service":"axiom-grid-overlay"}
........... [  6%]
{"ts":"2026-09-15T10:36:48.907Z","level":"INFO","logger":"kairo.personalization","msg":"Trained adapter b15817c4df7752ab for user 'local': 51 contexts, 8 samples","service":"axiom-grid-overlay"}
......{"ts":"2026-09-15T10:36:48.914Z","level":"INFO","logger":"kairo.personalization","msg":"Trained adapter 4a7d2e6126af6e3f for user 'local': 51 contexts, 8 samples","service":"axiom-grid-overlay"}
.{"ts":"2026-09-15T10:36:48.915Z","level":"INFO","logger":"kairo.personalization","msg":"Trained adapter 4a7d2e6126af6e3f for user 'local': 51 contexts, 8 samples","service":"axiom-grid-overlay"}
...........{"ts":"2026-09-15T10:36:48.973Z","level":"WARNING","logger":"kairo-sidecar.prompt_shield","msg":"PromptShield: Injection detected \u2014 pattern 'output\\s+your\\s+prompt' matched","service":"axiom-grid-overlay"}
{"ts":"2026-09-15T10:36:48.974Z","level":"WARNING","logger":"kairo-sidecar.prompt_shield","msg":"PromptShield: Injection detected \u2014 pattern 'show\\s+me\\s+your\\s+rules' matched","service":"axiom-grid-overlay"}
{"ts":"2026-09-15T10:36:48.974Z","level":"WARNING","logger":"kairo-sidecar.prompt_shield","msg":"PromptShield: Injection detected \u2014 pattern 'repeat\\s+your\\s+system' matched","service":"axiom-grid-overlay"}
{"ts":"2026-09-15T10:36:48.974Z","level":"WARNING","logger":"kairo-sidecar.prompt_shield","msg":"PromptShield: Injection detected \u2014 pattern 'print\\s+your\\s+instructions' matched","service":"axiom-grid-overlay"}
{"ts":"2026-09-15T10:36:48.974Z","level":"WARNING","logger":"kairo-sidecar.prompt_shield","msg":"PromptShield: Injection detected \u2014 pattern 'what\\s+are\\s+your\\s+instructions' matched","service":"axiom-grid-overlay"}
{"ts":"2026-09-15T10:36:48.974Z","level":"WARNING","logger":"kairo-sidecar.prompt_shield","msg":"PromptShield: Injection detected \u2014 pattern 'you\\s+are\\s+now' matched","service":"axiom-grid-overlay"}
{"ts":"2026-09-15T10:36:48.974Z","level":"WARNING","logger":"kairo-sidecar.prompt_shield","msg":"PromptShield: Injection detected \u2014 pattern 'forget\\s+all\\s+previous\\s+instructions' matched","service":"axiom-grid-overlay"}
{"ts":"2026-09-15T10:36:48.974Z","level":"WARNING","logger":"kairo-sidecar.prompt_shield","msg":"PromptShield: Injection detected \u2014 pattern 'reveal\\s+your\\s+system\\s+prompt' matched","service":"axiom-grid-overlay"}
{"ts":"2026-09-15T10:36:48.974Z","level":"WARNING","logger":"kairo-sidecar.prompt_shield","msg":"PromptShield: Injection detected \u2014 pattern 'show\\s+me\\s+your\\s+rules' matched","service":"axiom-grid-overlay"}
{"ts":"2026-09-15T10:36:48.974Z","level":"WARNING","logger":"kairo-sidecar.prompt_shield","msg":"PromptShield: Injection detected \u2014 pattern 'override\\s+(?:all\\s+|your\\s+)?(?:system\\s+|safety\\s+)?(?:rules|guidelines|instructions)' matched","service":"axiom-grid-overlay"}
{"ts":"2026-09-15T10:36:48.974Z","level":"WARNING","logger":"kairo-sidecar.prompt_shield","msg":"PromptShield: Injection detected \u2014 pattern 'disregard\\s+all\\s+previous' matched","service":"axiom-grid-overlay"}
{"ts":"2026-09-15T10:36:48.974Z","level":"WARNING","logger":"kairo-sidecar.prompt_shield","msg":"PromptShield: Injection detected \u2014 pattern 'new\\s+instructions' matched","service":"axiom-grid-overlay"}
{"ts":"2026-09-15T10:36:48.974Z","level":"WARNING","logger":"kairo-sidecar.prompt_shield","msg":"PromptShield: Injection detected \u2014 pattern 'act\\s+as\\s+if' matched","service":"axiom-grid-overlay"}
{"ts":"2026-09-15T10:36:48.974Z","level":"WARNING","logger":"kairo-sidecar.prompt_shield","msg":"PromptShield: Injection detected \u2014 pattern 'ignore\\s+all\\s+previous\\s+instructions' matched","service":"axiom-grid-overlay"}
.{"ts":"2026-09-15T10:36:48.974Z","level":"WARNING","logger":"kairo-sidecar.prompt_shield","msg":"PromptShield: Injection detected \u2014 pattern 'override\\s+(?:all\\s+|your\\s+)?(?:system\\s+|safety\\s+)?(?:rules|guidelines|instructions)' matched","service":"axiom-grid-overlay"}
{"ts":"2026-09-15T10:36:48.974Z","level":"WARNING","logger":"kairo-sidecar.prompt_shield","msg":"PromptShield: Injection detected \u2014 pattern 'pretend\\s+you\\s+are\\s+a' matched","service":"axiom-grid-overlay"}
{"ts":"2026-09-15T10:36:48.974Z","level":"WARNING","logger":"kairo-sidecar.prompt_shield","msg":"PromptShield: Injection detected \u2014 pattern 'enter\\s+developer\\s+mode' matched","service":"axiom-grid-overlay"}
{"ts":"2026-09-15T10:36:48.974Z","level":"WARNING","logger":"kairo-sidecar.prompt_shield","msg":"PromptShield: Injection detected \u2014 pattern 'disregard\\s+your' matched","service":"axiom-grid-overlay"}
{"ts":"2026-09-15T10:36:48.974Z","level":"WARNING","logger":"kairo-sidecar.prompt_shield","msg":"PromptShield: Injection detected \u2014 pattern 'new\\s+instructions' matched","service":"axiom-grid-overlay"}
{"ts":"2026-09-15T10:36:48.978Z","level":"ERROR","logger":"kairo-sidecar.embeddings","msg":"Failed to load Model2Vec: No module named 'model2vec'","service":"axiom-grid-overlay"}
F{"ts":"2026-09-15T10:36:49.173Z","level":"ERROR","logger":"kairo-sidecar.embeddings","msg":"Failed to load Model2Vec: No module named 'model2vec'","service":"axiom-grid-overlay"}
F
==================================== ERRORS ====================================
______________ ERROR collecting kairo-sidecar/test_domain4_pdf.py ______________
ImportError while importing test module '/home/daytona/axiom-grid/kairo-sidecar/test_domain4_pdf.py'.
Hint: make sure your test modules/packages have valid Python names.
Traceback:
kairo-sidecar/test_domain4_pdf.py:49: in <module>
    import fitz  # PyMuPDF (hard dependency)
    ^^^^^^^^^^^
E   ModuleNotFoundError: No module named 'fitz'
__ ERROR collecting kairo-sidecar/tests/test_oracle_hardening_adversarial.py ___
ImportError while importing test module '/home/daytona/axiom-grid/kairo-sidecar/tests/test_oracle_hardening_adversarial.py'.
Hint: make sure your test modules/packages have valid Python names.
Traceback:
kairo-sidecar/tests/test_oracle_hardening_adversarial.py:7: in <module>
    import fitz
E   ModuleNotFoundError: No module named 'fitz'
_____________ ERROR collecting kairo-sidecar/tests/test_oracles.py _____________
ImportError while importing test module '/home/daytona/axiom-grid/kairo-sidecar/tests/test_oracles.py'.
Hint: make sure your test modules/packages have valid Python names.
Traceback:
kairo-sidecar/tests/test_oracles.py:11: in <module>
    import fitz
E   ModuleNotFoundError: No module named 'fitz'
_______________ ERROR collecting legacy/wedge/test_wedge_pack.py _______________
ImportError while importing test module '/home/daytona/axiom-grid/legacy/wedge/test_wedge_pack.py'.
Hint: make sure your test modules/packages have valid Python names.
Traceback:
legacy/wedge/test_wedge_pack.py:11: in <module>
    from packs.wedge.pack import WedgePack
E   ModuleNotFoundError: No module named 'packs.wedge'
=================================== FAILURES ===================================
_____________ TestGauntletScenarios.test_scenario_b_two_file_join ______________

self = <kairo.domains.data_analytics.tests.test_data_analytics_oracles.TestGauntletScenarios object at 0x790160613250>

    def test_scenario_b_two_file_join(self):
        """Scenario (b): JOIN across CSV + Parquet, verified vs pandas."""
        if not _HAS_DUCKDB:
            pytest.fail("duckdb not available")
    
        conn = connect()
        load_file(conn, _ORDERS_CSV, "orders")
        load_file(conn, _CUSTOMERS_PARQUET, "customers")
    
        sql = (
            "SELECT c.name, o.product, o.amount "
            "FROM orders o JOIN customers c ON o.customer_id = c.customer_id "
            "ORDER BY c.name, o.product"
        )
    
        # Independent calc via pandas
>       expected_cols, expected_rows = independent_join(
            _ORDERS_CSV,
            _CUSTOMERS_PARQUET,
            "customer_id",
            "customer_id",
            ["name", "product", "amount"],
        )

kairo/domains/data_analytics/tests/test_data_analytics_oracles.py:308: 
_ _ _ _ _ _ _ _ _ _ _ _ _ _ _ _ _ _ _ _ _ _ _ _ _ _ _ _ _ _ _ _ _ _ _ _ _ _ _ _ 
kairo/domains/data_analytics/oracles.py:227: in independent_join
    right = _read(right_file)
            ^^^^^^^^^^^^^^^^^
kairo/domains/data_analytics/oracles.py:221: in _read
    return pd.read_parquet(path)
           ^^^^^^^^^^^^^^^^^^^^^
/usr/local/lib/python3.14/site-packages/pandas/io/parquet.py:653: in read_parquet
    impl = get_engine(engine)
           ^^^^^^^^^^^^^^^^^^
_ _ _ _ _ _ _ _ _ _ _ _ _ _ _ _ _ _ _ _ _ _ _ _ _ _ _ _ _ _ _ _ _ _ _ _ _ _ _ _ 

engine = 'auto'

    def get_engine(engine: str) -> BaseImpl:
        """return our implementation"""
        if engine == "auto":
            engine = get_option("io.parquet.engine")
    
        if engine == "auto":
            # try engines in this order
            engine_classes = [PyArrowImpl, FastParquetImpl]
    
            error_msgs = ""
            for engine_class in engine_classes:
                try:
                    return engine_class()
                except ImportError as err:
                    error_msgs += "\n - " + str(err)
    
>           raise ImportError(
                "Unable to find a usable engine; "
                "tried using: 'pyarrow', 'fastparquet'.\n"
                "A suitable version of "
                "pyarrow or fastparquet is required for parquet "
                "support.\n"
                "Trying to import the above resulted in these errors:"
                f"{error_msgs}"
            )
E           ImportError: Unable to find a usable engine; tried using: 'pyarrow', 'fastparquet'.
E           A suitable version of pyarrow or fastparquet is required for parquet support.
E           Trying to import the above resulted in these errors:
E            - Missing optional dependency 'pyarrow'. pyarrow is required for parquet support. Use pip or conda to install pyarrow.
E            - Missing optional dependency 'fastparquet'. fastparquet is required for parquet support. Use pip or conda to install fastparquet.

/usr/local/lib/python3.14/site-packages/pandas/io/parquet.py:68: ImportError
_________ TestGauntletScenarios.test_scenario_b_draft_with_attachments _________

self = <kairo.domains.email.tests.test_email_oracles.TestGauntletScenarios object at 0x79015bc111d0>

    def test_scenario_b_draft_with_attachments(self):
        """Scenario (b): draft WITH real attachments — bytes verified via SHA-256."""
        gt = _load_ground_truth()
        sc = gt["scenarios"]["b_attachment_draft"]
    
        with tempfile.TemporaryDirectory() as tmp:
            mb = _make_maildir(tmp)
    
            # Load actual attachment files
            attachments = []
            for att_spec in sc["attachments"]:
                att_path = os.path.join(_FIX_DIR, att_spec["filename"])
                content = open(att_path, "rb").read()
                # Verify the fixture itself matches ground truth
                actual_hash = hashlib.sha256(content).hexdigest()
>               assert actual_hash == att_spec["sha256"], (
                    f"Fixture '{att_spec['filename']}' hash mismatch: "
                    f"expected {att_spec['sha256']}, got {actual_hash}"
                )
E               AssertionError: Fixture 'attachment.bin' hash mismatch: expected 785b0751fc2c53dc14a4ce3d800e69ef9ce1009eb327ccf458afe09c242c26c9, got 7cb3af48ba428e0139db3a4a8e398643c056a05077d2d36cd7aa8123679fdb4b
E               assert '7cb3af48ba42...a8123679fdb4b' == '785b0751fc2c...fe09c242c26c9'
E                 
E                 - 785b0751fc2c53dc14a4ce3d800e69ef9ce1009eb327ccf458afe09c242c26c9
E                 + 7cb3af48ba428e0139db3a4a8e398643c056a05077d2d36cd7aa8123679fdb4b

kairo/domains/email/tests/test_email_oracles.py:533: AssertionError
________________ TestSlideShapeReadback.test_text_shapes_match _________________

self = <kairo.domains.powerpoint.tests.test_powerpoint_oracles.TestSlideShapeReadback object at 0x79015bc12990>

    def test_text_shapes_match(self):
        """Text shapes read back correctly after save."""
        if not _HAS_PPTX:
            pytest.fail("python-pptx not available — cannot test slide_shape_readback")
    
        with tempfile.TemporaryDirectory() as tmp:
            saved_path = _create_deck_from_spec(_SPEC_JSON, tmp)
    
            # Layouts with placeholders add extra empty shapes.
            # We check only the shapes we created (non-placeholder shapes with text/tables).
            # Slide 0 (Title Slide): 2 placeholders + 2 textboxes = 4 shapes
            # Slide 1 (Title and Content): 2 placeholders + 2 textboxes = 4 shapes
            # Slide 2 (Blank): 1 textbox + 1 table = 2 shapes
            # Slide 3 (Blank): 1 textbox + 1 image + 1 shape = 3 shapes
            deck_info = read_deck(saved_path)
    
            # Slide 0: verify our 2 textboxes
            textbox_shapes = [s for s in deck_info.slides[0].shapes if "TEXT_BOX" in s.shape_type]
            assert len(textbox_shapes) == 2
            assert textbox_shapes[0].text == "Quarterly Report"
            assert textbox_shapes[1].text == "Q4 2025 Results"
    
            # Slide 2: verify table
            table_shapes = [s for s in deck_info.slides[2].shapes if s.table_rows > 0]
            assert len(table_shapes) == 1
            assert table_shapes[0].table_rows == 4
            assert table_shapes[0].table_cols == 3
    
            # Slide 3: verify image + shape
            non_text_shapes = [
                s for s in deck_info.slides[3].shapes if "TEXT_BOX" not in s.shape_type
            ]
>           assert len(non_text_shapes) == 2  # image + shape
            ^^^^^^^^^^^^^^^^^^^^^^^^^^^^^^^^
E           AssertionError: assert 1 == 2
E            +  where 1 = len([ShapeInfo(shape_type='AUTO_SHAPE (1)', name='Rounded Rectangle 2', left=5486400, top=1828800, width=2743200, height=1828800, text='', table_rows=0, table_cols=0)])

kairo/domains/powerpoint/tests/test_powerpoint_oracles.py:131: AssertionError
____________ TestGauntletScenarios.test_scenario_c_image_and_shape _____________

self = <kairo.domains.powerpoint.tests.test_powerpoint_oracles.TestGauntletScenarios object at 0x79015626e650>

    def test_scenario_c_image_and_shape(self):
        """Scenario (c): slide with an image + shape, read-back verified."""
        if not _HAS_PPTX:
            pytest.fail("python-pptx not available")
    
        spec = {
            "slides": [
                {
                    "layout": "Blank",
                    "shapes": [
                        {
                            "type": "text",
                            "text": "Visual Slide",
                            "left": 1,
                            "top": 0.5,
                            "width": 8,
                            "height": 1,
                        },
                        {
                            "type": "image",
                            "path": _TEST_IMAGE,
                            "left": 1,
                            "top": 2,
                            "width": 4,
                            "height": 3,
                        },
                        {
                            "type": "shape",
                            "shape": "ROUNDED_RECTANGLE",
                            "left": 6,
                            "top": 2,
                            "width": 3,
                            "height": 2,
                        },
                    ],
                }
            ]
        }
    
        with tempfile.TemporaryDirectory() as tmp:
            prs = create_deck(spec)
            saved_path = save_deck(prs, os.path.join(tmp, "scenario_c.pptx"))
    
            # Read back and verify
            deck_info = read_deck(saved_path)
            assert deck_info.slide_count == 1
>           assert len(deck_info.slides[0].shapes) == 3
E           AssertionError: assert 2 == 3
E            +  where 2 = len([ShapeInfo(shape_type='TEXT_BOX (17)', name='TextBox 1', left=914400, top=457200, width=7315200, height=914400, text='...='Rounded Rectangle 2', left=5486400, top=1828800, width=2743200, height=1828800, text='', table_rows=0, table_cols=0)])
E            +    where [ShapeInfo(shape_type='TEXT_BOX (17)', name='TextBox 1', left=914400, top=457200, width=7315200, height=914400, text='...='Rounded Rectangle 2', left=5486400, top=1828800, width=2743200, height=1828800, text='', table_rows=0, table_cols=0)] = SlideInfo(slide_index=0, layout_name='Blank', shapes=[ShapeInfo(shape_type='TEXT_BOX (17)', name='TextBox 1', left=914...'Rounded Rectangle 2', left=5486400, top=1828800, width=2743200, height=1828800, text='', table_rows=0, table_cols=0)]).shapes

kairo/domains/powerpoint/tests/test_powerpoint_oracles.py:524: AssertionError
____ TestInjectionBlocked.test_injection_payloads_blocked_in_semantic_store ____

    def get_model():
        global _model
        if _model is None:
            with _lock:
                if _model is None:
                    log.info("Loading Model2Vec 'minishlab/potion-base-8M' from vendored assets...")
                    try:
                        from sidecar.model_paths import (
                            POTION_BASE_8M_HF_ID,
                            load_potion_base_8m_static_model,
                            resolve_potion_base_8m_path,
                        )
    
                        model_dir = resolve_potion_base_8m_path()
>                       _model = load_potion_base_8m_static_model()
                                 ^^^^^^^^^^^^^^^^^^^^^^^^^^^^^^^^^^

kairo-sidecar/sidecar/embeddings.py:34: 
_ _ _ _ _ _ _ _ _ _ _ _ _ _ _ _ _ _ _ _ _ _ _ _ _ _ _ _ _ _ _ _ _ _ _ _ _ _ _ _ 

    def load_potion_base_8m_static_model():
        """Load model2vec StaticModel from the vendored local path (no network).
    
        Forces HF offline env vars for the duration of the load so huggingface_hub
        cannot phone home even if a code path tries.
        """
>       from model2vec import StaticModel
E       ModuleNotFoundError: No module named 'model2vec'

kairo-sidecar/sidecar/model_paths.py:84: ModuleNotFoundError

The above exception was the direct cause of the following exception:

self = <kairo-sidecar.test_domain10_memory.TestInjectionBlocked object at 0x790154dfc7d0>

    def test_injection_payloads_blocked_in_semantic_store(self):
        """Injection payloads must be blocked when adding to SemanticMemoryStore."""
>       store = SemanticMemoryStore()
                ^^^^^^^^^^^^^^^^^^^^^

kairo-sidecar/test_domain10_memory.py:152: 
_ _ _ _ _ _ _ _ _ _ _ _ _ _ _ _ _ _ _ _ _ _ _ _ _ _ _ _ _ _ _ _ _ _ _ _ _ _ _ _ 
kairo-sidecar/sidecar/memory/semantic_memory_store.py:60: in __init__
    test_vec = embed_text("semantic initialization test")
               ^^^^^^^^^^^^^^^^^^^^^^^^^^^^^^^^^^^^^^^^^^
kairo-sidecar/sidecar/embeddings.py:81: in embed_text
    res = embed_texts([text])
          ^^^^^^^^^^^^^^^^^^^
kairo-sidecar/sidecar/embeddings.py:64: in embed_texts
    model = get_model()
            ^^^^^^^^^^^
_ _ _ _ _ _ _ _ _ _ _ _ _ _ _ _ _ _ _ _ _ _ _ _ _ _ _ _ _ _ _ _ _ _ _ _ _ _ _ _ 

    def get_model():
        global _model
        if _model is None:
            with _lock:
                if _model is None:
                    log.info("Loading Model2Vec 'minishlab/potion-base-8M' from vendored assets...")
                    try:
                        from sidecar.model_paths import (
                            POTION_BASE_8M_HF_ID,
                            load_potion_base_8m_static_model,
                            resolve_potion_base_8m_path,
                        )
    
                        model_dir = resolve_potion_base_8m_path()
                        _model = load_potion_base_8m_static_model()
                        log.info(
                            "Model2Vec model '%s' loaded from local path %s "
                            "(256 dimensions, offline)",
                            POTION_BASE_8M_HF_ID,
                            model_dir,
                        )
                    except Exception as e:
                        log.error("Failed to load Model2Vec: %s", e)
                        # KAIRO_REQUIRE_SEMANTIC is sticky in CI/e2e; always raise so a
                        # missing model cannot be mistaken for a successful embed.
>                       raise EmbeddingError(
                            "Failed to load Model2Vec potion-base-8M offline model: "
                            f"{e}. Vendored assets must be present (see "
                            "kairo-sidecar/assets/models/potion-base-8M). "
                            "KAIRO_REQUIRE_SEMANTIC="
                            f"{os.getenv('KAIRO_REQUIRE_SEMANTIC', '0')}"
                        ) from e
E                       sidecar.embeddings.EmbeddingError: Failed to load Model2Vec potion-base-8M offline model: No module named 'model2vec'. Vendored assets must be present (see kairo-sidecar/assets/models/potion-base-8M). KAIRO_REQUIRE_SEMANTIC=1

kairo-sidecar/sidecar/embeddings.py:45: EmbeddingError
----------------------------- Captured stdout call -----------------------------
{"ts":"2026-09-15T10:36:48.976Z","level":"INFO","logger":"kairo-sidecar.embeddings","msg":"Loading Model2Vec 'minishlab/potion-base-8M' from vendored assets...","service":"axiom-grid-overlay"}
------------------------------ Captured log call -------------------------------
INFO     kairo-sidecar.embeddings:embeddings.py:25 Loading Model2Vec 'minishlab/potion-base-8M' from vendored assets...
ERROR    kairo-sidecar.embeddings:embeddings.py:42 Failed to load Model2Vec: No module named 'model2vec'
________ TestSQLInjectionBlocked.test_10_sql_injection_payloads_blocked ________

    def get_model():
        global _model
        if _model is None:
            with _lock:
                if _model is None:
                    log.info("Loading Model2Vec 'minishlab/potion-base-8M' from vendored assets...")
                    try:
                        from sidecar.model_paths import (
                            POTION_BASE_8M_HF_ID,
                            load_potion_base_8m_static_model,
                            resolve_potion_base_8m_path,
                        )
    
                        model_dir = resolve_potion_base_8m_path()
>                       _model = load_potion_base_8m_static_model()
                                 ^^^^^^^^^^^^^^^^^^^^^^^^^^^^^^^^^^

kairo-sidecar/sidecar/embeddings.py:34: 
_ _ _ _ _ _ _ _ _ _ _ _ _ _ _ _ _ _ _ _ _ _ _ _ _ _ _ _ _ _ _ _ _ _ _ _ _ _ _ _ 

    def load_potion_base_8m_static_model():
        """Load model2vec StaticModel from the vendored local path (no network).
    
        Forces HF offline env vars for the duration of the load so huggingface_hub
        cannot phone home even if a code path tries.
        """
>       from model2vec import StaticModel
E       ModuleNotFoundError: No module named 'model2vec'

kairo-sidecar/sidecar/model_paths.py:84: ModuleNotFoundError

The above exception was the direct cause of the following exception:

self = <kairo-sidecar.test_domain10_memory.TestSQLInjectionBlocked object at 0x790154dfc910>

    def test_10_sql_injection_payloads_blocked(self):
        """SQL injection payloads must be blocked by PromptShield or sanitization."""
        shield = PromptShield()
        PiiGuard()
        blocked = 0
        for payload in SQL_INJECTION_PAYLOADS_10:
            # Check if PromptShield catches it
            is_safe = shield.scan(payload)
            if not is_safe:
                blocked += 1
            else:
                # Even if PromptShield doesn't catch SQL injection patterns,
                # the _sanitize function strips control chars and the
                # SemanticMemoryStore's security gate will reject it
                # For this test, we also verify that sanitization neutralizes
                # the SQL-specific characters
                sanitized = _sanitize(payload)
                # After sanitization, the payload should not contain raw SQL
                # metacharacters in a dangerous form
                # The key defense is that memory text is NEVER used as SQL —
                # it's embedded as vectors. But we still verify PromptShield
                # catches the override patterns
                print(f"SQL payload not caught by PromptShield: {payload!r}")
                # These payloads contain injection-like patterns that should
                # be caught by the broader pattern set
                blocked += 0  # Count only PromptShield catches
    
        # At minimum, the ones with "ignore"/"override" patterns should be caught
        # But SQL injection is defended by parameterized queries in the actual
        # storage layer, not by PromptShield. We verify the defense-in-depth:
        # the _sanitize function + parameterized storage.
        # For this test, we verify that SQL payloads are neutralized by sanitization
        for payload in SQL_INJECTION_PAYLOADS_10:
            sanitized = _sanitize(payload)
            # Sanitized text should not be empty (it's still text, just cleaned)
            assert sanitized != "", f"Sanitization produced empty string for {payload!r}"
    
        # Verify SQL payloads don't cause issues in SemanticMemoryStore
>       store = SemanticMemoryStore()
                ^^^^^^^^^^^^^^^^^^^^^

kairo-sidecar/test_domain10_memory.py:224: 
_ _ _ _ _ _ _ _ _ _ _ _ _ _ _ _ _ _ _ _ _ _ _ _ _ _ _ _ _ _ _ _ _ _ _ _ _ _ _ _ 
kairo-sidecar/sidecar/memory/semantic_memory_store.py:60: in __init__
    test_vec = embed_text("semantic initialization test")
               ^^^^^^^^^^^^^^^^^^^^^^^^^^^^^^^^^^^^^^^^^^
kairo-sidecar/sidecar/embeddings.py:81: in embed_text
    res = embed_texts([text])
          ^^^^^^^^^^^^^^^^^^^
kairo-sidecar/sidecar/embeddings.py:64: in embed_texts
    model = get_model()
            ^^^^^^^^^^^
_ _ _ _ _ _ _ _ _ _ _ _ _ _ _ _ _ _ _ _ _ _ _ _ _ _ _ _ _ _ _ _ _ _ _ _ _ _ _ _ 

    def get_model():
        global _model
        if _model is None:
            with _lock:
                if _model is None:
                    log.info("Loading Model2Vec 'minishlab/potion-base-8M' from vendored assets...")
                    try:
                        from sidecar.model_paths import (
                            POTION_BASE_8M_HF_ID,
                            load_potion_base_8m_static_model,
                            resolve_potion_base_8m_path,
                        )
    
                        model_dir = resolve_potion_base_8m_path()
                        _model = load_potion_base_8m_static_model()
                        log.info(
                            "Model2Vec model '%s' loaded from local path %s "
                            "(256 dimensions, offline)",
                            POTION_BASE_8M_HF_ID,
                            model_dir,
                        )
                    except Exception as e:
                        log.error("Failed to load Model2Vec: %s", e)
                        # KAIRO_REQUIRE_SEMANTIC is sticky in CI/e2e; always raise so a
                        # missing model cannot be mistaken for a successful embed.
>                       raise EmbeddingError(
                            "Failed to load Model2Vec potion-base-8M offline model: "
                            f"{e}. Vendored assets must be present (see "
                            "kairo-sidecar/assets/models/potion-base-8M). "
                            "KAIRO_REQUIRE_SEMANTIC="
                            f"{os.getenv('KAIRO_REQUIRE_SEMANTIC', '0')}"
                        ) from e
E                       sidecar.embeddings.EmbeddingError: Failed to load Model2Vec potion-base-8M offline model: No module named 'model2vec'. Vendored assets must be present (see kairo-sidecar/assets/models/potion-base-8M). KAIRO_REQUIRE_SEMANTIC=1

kairo-sidecar/sidecar/embeddings.py:45: EmbeddingError
----------------------------- Captured stdout call -----------------------------
SQL payload not caught by PromptShield: "'; DROP TABLE memories; --"
SQL payload not caught by PromptShield: "' OR '1'='1"
SQL payload not caught by PromptShield: "'; DELETE FROM users WHERE '1'='1"
SQL payload not caught by PromptShield: "' UNION SELECT password FROM credentials --"
SQL payload not caught by PromptShield: "'; INSERT INTO admin VALUES ('hacker', 'pass'); --"
SQL payload not caught by PromptShield: "' OR 1=1 --"
SQL payload not caught by PromptShield: "'; UPDATE memories SET text='hacked' WHERE '1'='1"
SQL payload not caught by PromptShield: "' AND 1=1 UNION SELECT * FROM system_prompts --"
SQL payload not caught by PromptShield: "'; GRANT ALL ON *.* TO 'attacker'@'%'; --"{"ts":"2026-09-15T10:36:49.172Z","level":"WARNING","logger":"kairo-sidecar.prompt_shield","msg":"PromptShield: Injection detected \u2014 pattern '(?:rm\\s+-rf|del\\s+/[fqs]|format\\s+[a-z]:)' matched","service":"axiom-grid-overlay"}

{"ts":"2026-09-15T10:36:49.172Z","level":"INFO","logger":"kairo-sidecar.embeddings","msg":"Loading Model2Vec 'minishlab/potion-base-8M' from vendored assets...","service":"axiom-grid-overlay"}
------------------------------ Captured log call -------------------------------
WARNING  kairo-sidecar.prompt_shield:prompt_shield.py:215 PromptShield: Injection detected — pattern '(?:rm\s+-rf|del\s+/[fqs]|format\s+[a-z]:)' matched
INFO     kairo-sidecar.embeddings:embeddings.py:25 Loading Model2Vec 'minishlab/potion-base-8M' from vendored assets...
ERROR    kairo-sidecar.embeddings:embeddings.py:42 Failed to load Model2Vec: No module named 'model2vec'
=============================== warnings summary ===============================
kairo-sidecar/sidecar/test_fix_loop.py:87
  /home/daytona/axiom-grid/kairo-sidecar/sidecar/test_fix_loop.py:87: PytestCollectionWarning: cannot collect test class 'TestFixLoop' because it has a __init__ constructor (from: kairo-sidecar/sidecar/test_fix_loop.py)
    class TestFixLoop:

kairo-sidecar/sidecar/test_generator.py:14
  /home/daytona/axiom-grid/kairo-sidecar/sidecar/test_generator.py:14: PytestCollectionWarning: cannot collect test class 'TestGenerator' because it has a __init__ constructor (from: kairo-sidecar/sidecar/test_generator.py)
    class TestGenerator:

kairo-sidecar/tests/test_kairoreal_gauntlet.py:124
  /home/daytona/axiom-grid/kairo-sidecar/tests/test_kairoreal_gauntlet.py:124: PytestUnknownMarkWarning: Unknown pytest.mark.slow - is this a typo?  You can register custom marks to avoid this warning - for details, see https://docs.pytest.org/en/stable/how-to/mark.html
    @pytest.mark.slow

kairo-sidecar/sidecar/test_fix_loop.py:87
  /home/daytona/axiom-grid/kairo-sidecar/sidecar/test_fix_loop.py:87: PytestCollectionWarning: cannot collect test class 'TestFixLoop' because it has a __init__ constructor (from: kairo-sidecar/tests/test_oracle_hardening_challenger.py)
    class TestFixLoop:

kairo-sidecar/sidecar/test_fix_loop.py:87
  /home/daytona/axiom-grid/kairo-sidecar/sidecar/test_fix_loop.py:87: PytestCollectionWarning: cannot collect test class 'TestFixLoop' because it has a __init__ constructor (from: kairo-sidecar/tests/test_phase10_loop.py)
    class TestFixLoop:

kairo-sidecar/sidecar/test_fix_loop.py:87
  /home/daytona/axiom-grid/kairo-sidecar/sidecar/test_fix_loop.py:87: PytestCollectionWarning: cannot collect test class 'TestFixLoop' because it has a __init__ constructor (from: kairo-sidecar/tests/test_sprints_new.py)
    class TestFixLoop:

kairo-sidecar/sidecar/test_generator.py:14
  /home/daytona/axiom-grid/kairo-sidecar/sidecar/test_generator.py:14: PytestCollectionWarning: cannot collect test class 'TestGenerator' because it has a __init__ constructor (from: kairo-sidecar/tests/test_sprints_new.py)
    class TestGenerator:

kairo-sidecar/sidecar/test_generator.py:14
  /home/daytona/axiom-grid/kairo-sidecar/sidecar/test_generator.py:14: PytestCollectionWarning: cannot collect test class 'TestGenerator' because it has a __init__ constructor (from: kairo-sidecar/tests/test_test_generator.py)
    class TestGenerator:

-- Docs: https://docs.pytest.org/en/stable/how-to/capture-warnings.html
=========================== short test summary info ============================
FAILED kairo/domains/data_analytics/tests/test_data_analytics_oracles.py::TestGauntletScenarios::test_scenario_b_two_file_join
FAILED kairo/domains/email/tests/test_email_oracles.py::TestGauntletScenarios::test_scenario_b_draft_with_attachments
FAILED kairo/domains/powerpoint/tests/test_powerpoint_oracles.py::TestSlideShapeReadback::test_text_shapes_match
FAILED kairo/domains/powerpoint/tests/test_powerpoint_oracles.py::TestGauntletScenarios::test_scenario_c_image_and_shape
FAILED kairo-sidecar/test_domain10_memory.py::TestInjectionBlocked::test_injection_payloads_blocked_in_semantic_store
FAILED kairo-sidecar/test_domain10_memory.py::TestSQLInjectionBlocked::test_10_sql_injection_payloads_blocked
ERROR kairo-sidecar/test_domain4_pdf.py
ERROR kairo-sidecar/tests/test_oracle_hardening_adversarial.py
ERROR kairo-sidecar/tests/test_oracles.py
ERROR legacy/wedge/test_wedge_pack.py
!!!!!!!!!!!!!!!!!!!!!!!!!! stopping after 10 failures !!!!!!!!!!!!!!!!!!!!!!!!!!
6 failed, 231 passed, 1 skipped, 8 warnings, 4 errors in 19.80s
