{
  "workload": "healthz only, undrained stderr, 4x500 requests; batch0 warmup",
  "batches": [
    {
      "batch": 0,
      "requests": 500,
      "concurrency": 40,
      "rps": 516.9,
      "p50_ms": 67.8,
      "p95_ms": 124.3,
      "p99_ms": 186.37,
      "statuses": {
        "200": 500
      },
      "rss_bytes": 91574272
    },
    {
      "batch": 1,
      "requests": 500,
      "concurrency": 40,
      "rps": 906.58,
      "p50_ms": 42.62,
      "p95_ms": 49.63,
      "p99_ms": 53.42,
      "statuses": {
        "200": 500
      },
      "rss_bytes": 94023680
    },
    {
      "batch": 2,
      "requests": 500,
      "concurrency": 40,
      "rps": 814.06,
      "p50_ms": 43.09,
      "p95_ms": 103.78,
      "p99_ms": 104.81,
      "statuses": {
        "200": 500
      },
      "rss_bytes": 97099776
    },
    {
      "batch": 3,
      "requests": 500,
      "concurrency": 40,
      "rps": 975.04,
      "p50_ms": 40.67,
      "p95_ms": 43.63,
      "p99_ms": 44.99,
      "statuses": {
        "200": 500
      },
      "rss_bytes": 97222656
    }
  ],
  "shutdown_s": 0.214,
  "shutdown_timed_out": false,
  "log_dropped_total": 1715,
  "rss_growth_after_warmup_bytes": 5648384
}
