short test summary info ============================
FAILED kairo-sidecar/test_domain7_export.py::TestPodcastExport::test_podcast_creates_file
FAILED kairo-sidecar/test_domain7_export.py::TestPodcastExport::test_local_podcast_flag
FAILED kairo-sidecar/test_domain9_media.py::TestMediaTranscribe::test_extract_audio_raises_if_ffmpeg_missing
FAILED kairo-sidecar/test_phase0_1_e2e.py::TestEndToEndTraceReceipt::test_word_master_trace_emitted
FAILED kairo-sidecar/test_phase0_1_e2e.py::TestEndToEndTraceReceipt::test_excel_master_trace_emitted
FAILED kairo-sidecar/test_phase0_1_e2e.py::TestEndToEndTraceReceipt::test_pdf_master_trace_emitted
FAILED kairo-sidecar/test_phase0_1_e2e.py::TestEndToEndTraceReceipt::test_legal_analyze_contract_trace_emitted
FAILED kairo-sidecar/test_phase0_1_e2e.py::TestEndToEndTraceReceipt::test_multi_domain_trace_receipt_chain
FAILED kairo-sidecar/test_phase0_1_opik.py::TestOpikTracerEmission::test_single_trace_has_trace_id
FAILED kairo-sidecar/test_phase0_1_opik.py::TestOpikTracerEmission::test_five_domain_calls_produce_five_traces
FAILED kairo-sidecar/test_phase0_1_opik.py::TestOpikTracerEmission::test_trace_writes_to_jsonl_file
FAILED kairo-sidecar/test_phase0_1_opik.py::TestOpikTracerEmission::test_trace_emission_errors_loudly_on_write_failure
FAILED kairo-sidecar/test_phase0_1_opik.py::TestPiiGuardOnTraces::test_ssn_redacted_in_trace
FAILED kairo-sidecar/test_phase0_1_opik.py::TestPiiGuardOnTraces::test_email_redacted_in_trace
FAILED kairo-sidecar/test_phase0_1_opik.py::TestPiiGuardOnTraces::test_phone_redacted_in_trace
FAILED kairo-sidecar/test_phase0_1_opik.py::TestPiiGuardOnTraces::test_credit_card_redacted_in_trace
FAILED kairo-sidecar/test_phase0_1_opik.py::TestPiiGuardOnTraces::test_multiple_pii_types_redacted
FAILED kairo-sidecar/test_phase0_1_opik.py::TestSystemPromptLeakage::test_system_prompt_not_in_trace
FAILED kairo-sidecar/test_phase0_1_opik.py::TestTrackDecorator::test_track_decorator_creates_trace
FAILED kairo-sidecar/test_phase0_1_opik.py::TestTrackDecorator::test_track_decorator_captures_errors
!!!!!!!!!!!!!!!!!!!!!!!!!! stopping after 20 failures !!!!!!!!!!!!!!!!!!!!!!!!!!
20 failed, 836 passed, 17 skipped, 8 warnings in 31.77s
